Microchip MPLAB XC8 Compiler V2.32

Linker command line:

-W-3 --edf=C:\Program Files\Microchip\xc8\v2.32\pic\dat\en_msgs.txt -cn \
  -h+dist/default/production\DesignD.X.production.sym \
  --cmf=dist/default/production\DesignD.X.production.cmf -z -Q16F15213 \
  -oC:\Users\msoul\AppData\Local\Temp\xcAs4ns.4 --defsym=__MPLAB_BUILD=1 \
  -Mdist/default/production/DesignD.X.production.map -E1 -ver=XC8 Compiler \
  --acfsm=1493 -ASTACK=02065h-020EFh -pstack=STACK -ACODE=00h-07FFh \
  -ASTRCODE=00h-07FFh -ASTRING=00h-0FFhx8 -ACONST=00h-0FFhx8 \
  -AENTRY=00h-0FFhx8 -ACOMMON=070h-07Fh -ABANK0=020h-06Fh -ABANK1=0A0h-0EFh \
  -ABANK2=0120h-016Fh -ABIGRAM=02000h-020EFh \
  -ARAM=020h-06Fh,0A0h-0EFh,0120h-016Fh \
  -AABS1=020h-07Fh,0A0h-0EFh,0120h-016Fh -ASFR0=00h-01Fh -ASFR1=080h-09Fh \
  -ASFR2=0100h-011Fh -ASFR3=0180h-01EFh -ASFR4=0200h-026Fh \
  -ASFR5=0280h-02EFh -ASFR6=0300h-036Fh -ASFR7=0380h-03EFh \
  -ASFR8=0400h-046Fh -ASFR9=0480h-04EFh -ASFR10=0500h-056Fh \
  -ASFR11=0580h-05EFh -ASFR12=0600h-066Fh -ASFR13=0680h-06EFh \
  -ASFR14=0700h-076Fh -ASFR15=0780h-07EFh -ASFR16=0800h-086Fh \
  -ASFR17=0880h-08EFh -ASFR18=0900h-096Fh -ASFR19=0980h-09EFh \
  -ASFR20=0A00h-0A6Fh -ASFR21=0A80h-0AEFh -ASFR22=0B00h-0B6Fh \
  -ASFR23=0B80h-0BEFh -ASFR24=0C00h-0C6Fh -ASFR25=0C80h-0CEFh \
  -ASFR26=0D00h-0D6Fh -ASFR27=0D80h-0DEFh -ASFR28=0E00h-0E6Fh \
  -ASFR29=0E80h-0EEFh -ASFR30=0F00h-0F6Fh -ASFR31=0F80h-0FEFh \
  -ASFR32=01000h-0106Fh -ASFR33=01080h-010EFh -ASFR34=01100h-0116Fh \
  -ASFR35=01180h-011EFh -ASFR36=01200h-0126Fh -ASFR37=01280h-012EFh \
  -ASFR38=01300h-0136Fh -ASFR39=01380h-013EFh -ASFR40=01400h-0146Fh \
  -ASFR41=01480h-014EFh -ASFR42=01500h-0156Fh -ASFR43=01580h-015EFh \
  -ASFR44=01600h-0166Fh -ASFR45=01680h-016EFh -ASFR46=01700h-0176Fh \
  -ASFR47=01780h-017EFh -ASFR48=01800h-0186Fh -ASFR49=01880h-018EFh \
  -ASFR50=01900h-0196Fh -ASFR51=01980h-019EFh -ASFR52=01A00h-01A6Fh \
  -ASFR53=01A80h-01AEFh -ASFR54=01B00h-01B6Fh -ASFR55=01B80h-01BEFh \
  -ASFR56=01C00h-01C6Fh -ASFR57=01C80h-01CEFh -ASFR58=01D00h-01D6Fh \
  -ASFR59=01D80h-01DEFh -ASFR60=01E00h-01E6Fh -ASFR61=01E80h-01EEFh \
  -ASFR62=01F00h-01F6Fh -ASFR63=01F80h-01FEFh -ACONFIG=08007h-0800Bh \
  -DCONFIG=2 -AIDLOC=08000h-08003h -DIDLOC=2 -DCODE=2 -DSTRCODE=2 \
  -DSTRING=2 -DCONST=2 -DENTRY=2 -preset_vec=00h,intentry=04h,init,end_init \
  -ppowerup=CODE -pcinit=CODE -pfunctab=ENTRY -k \
  C:\Users\msoul\AppData\Local\Temp\xcAs4ns.o \
  dist/default/production\DesignD.X.production.o 

Object code version is 3.11

Machine type is 16F15213



                Name                               Link     Load   Length Selector   Space Scale
C:\Users\msoul\AppData\Local\Temp\xcAs4ns.o
                end_init                              F        F        1        8       0
                reset_vec                             0        0        1        0       0
                config                             8007     8007        5        0       4
dist/default/production\DesignD.X.production.o
                cinit                                10       10       15        8       0
                intentry                              4        4        B        8       0
                config                             8007     8007        5        0       4
                text32                              644      644       21        8       0
                text31                              76B      76B        6        8       0
                text30                              34B      34B       7C        8       0
                text29                              2B6      2B6       95        8       0
                text28                              778      778        1        8       0
                text27                              544      544       46        8       0
                text26                              744      744        D        8       0
                text24                              69F      69F       19        8       0
                text23                              4FE      4FE       46        8       0
                text22                              5F2      5F2       30        8       0
                text21                              5BF      5BF       33        8       0
                text20                              712      712       14        8       0
                text19                              58A      58A       35        8       0
                text18                              683      683       1C        8       0
                text17                              218      218       9E        8       0
                text16                              622      622       22        8       0
                text15                              6E6      6E6       17        8       0
                text14                              6CF      6CF       17        8       0
                text13                              765      765        6        8       0
                text12                              726      726       10        8       0
                text11                              75F      75F        6        8       0
                text10                              6FD      6FD       15        8       0
                text9                               759      759        6        8       0
                text8                               6B8      6B8       17        8       0
                text7                               736      736        E        8       0
                text6                               775      775        3        8       0
                text5                               751      751        8        8       0
                text4                               3C7      3C7       78        8       0
                text3                               4AC      4AC       52        8       0
                text2                               665      665       1E        8       0
                text1                                25       25      1F3        8       0
                maintext                            43F      43F       6D        8       0
                cstackBANK0                          20       20       32       20       1
                cstackCOMMON                         70       70        E       70       1
                cstackBANK1                          A0       A0       15       A0       1
                dataBANK0                            60       60        4       20       1
                bssBANK0                             52       52        A       20       1
                nvBANK0                              5C       5C        4       20       1
                idataBANK0                          771      771        4        8       0

TOTAL           Name                               Link     Load   Length     Space
        CLASS   STACK          

        CLASS   CODE           
                end_init                              F        F        1         0
                cinit                                10       10       15         0
                intentry                              4        4        B         0
                reset_vec                             0        0        1         0
                text32                              644      644       21         0
                text31                              76B      76B        6         0
                text30                              34B      34B       7C         0
                text29                              2B6      2B6       95         0
                text28                              778      778        1         0
                text27                              544      544       46         0
                text26                              744      744        D         0
                text24                              69F      69F       19         0
                text23                              4FE      4FE       46         0
                text22                              5F2      5F2       30         0
                text21                              5BF      5BF       33         0
                text20                              712      712       14         0
                text19                              58A      58A       35         0
                text18                              683      683       1C         0
                text17                              218      218       9E         0
                text16                              622      622       22         0
                text15                              6E6      6E6       17         0
                text14                              6CF      6CF       17         0
                text13                              765      765        6         0
                text12                              726      726       10         0
                text11                              75F      75F        6         0
                text10                              6FD      6FD       15         0
                text9                               759      759        6         0
                text8                               6B8      6B8       17         0
                text7                               736      736        E         0
                text6                               775      775        3         0
                text5                               751      751        8         0
                text4                               3C7      3C7       78         0
                text3                               4AC      4AC       52         0
                text2                               665      665       1E         0
                text1                                25       25      1F3         0
                maintext                            43F      43F       6D         0
                idataBANK0                          771      771        4         0

        CLASS   STRCODE        

        CLASS   STRING         

        CLASS   CONST          

        CLASS   ENTRY          

        CLASS   COMMON         
                cstackCOMMON                         70       70        E         1

        CLASS   BANK0          
                cstackBANK0                          20       20       32         1
                dataBANK0                            60       60        4         1
                bssBANK0                             52       52        A         1
                nvBANK0                              5C       5C        4         1

        CLASS   BANK1          
                cstackBANK1                          A0       A0       15         1

        CLASS   BANK2          

        CLASS   BIGRAM         

        CLASS   RAM            

        CLASS   ABS1           
                abs_s1                               7E       7E        2         1

        CLASS   SFR0           

        CLASS   SFR1           

        CLASS   SFR2           

        CLASS   SFR3           

        CLASS   SFR4           

        CLASS   SFR5           

        CLASS   SFR6           

        CLASS   SFR7           

        CLASS   SFR8           

        CLASS   SFR9           

        CLASS   SFR10          

        CLASS   SFR11          

        CLASS   SFR12          

        CLASS   SFR13          

        CLASS   SFR14          

        CLASS   SFR15          

        CLASS   SFR16          

        CLASS   SFR17          

        CLASS   SFR18          

        CLASS   SFR19          

        CLASS   SFR20          

        CLASS   SFR21          

        CLASS   SFR22          

        CLASS   SFR23          

        CLASS   SFR24          

        CLASS   SFR25          

        CLASS   SFR26          

        CLASS   SFR27          

        CLASS   SFR28          

        CLASS   SFR29          

        CLASS   SFR30          

        CLASS   SFR31          

        CLASS   SFR32          

        CLASS   SFR33          

        CLASS   SFR34          

        CLASS   SFR35          

        CLASS   SFR36          

        CLASS   SFR37          

        CLASS   SFR38          

        CLASS   SFR39          

        CLASS   SFR40          

        CLASS   SFR41          

        CLASS   SFR42          

        CLASS   SFR43          

        CLASS   SFR44          

        CLASS   SFR45          

        CLASS   SFR46          

        CLASS   SFR47          

        CLASS   SFR48          

        CLASS   SFR49          

        CLASS   SFR50          

        CLASS   SFR51          

        CLASS   SFR52          

        CLASS   SFR53          

        CLASS   SFR54          

        CLASS   SFR55          

        CLASS   SFR56          

        CLASS   SFR57          

        CLASS   SFR58          

        CLASS   SFR59          

        CLASS   SFR60          

        CLASS   SFR61          

        CLASS   SFR62          

        CLASS   SFR63          

        CLASS   CONFIG         
                config                             8007     8007        5         4

        CLASS   IDLOC          

        CLASS   BANK63         

        CLASS   BANK62         

        CLASS   BANK61         

        CLASS   BANK60         

        CLASS   BANK59         

        CLASS   BANK58         

        CLASS   BANK57         

        CLASS   BANK56         

        CLASS   BANK55         

        CLASS   BANK54         

        CLASS   BANK53         

        CLASS   BANK52         

        CLASS   BANK51         

        CLASS   BANK50         

        CLASS   BANK49         

        CLASS   BANK48         

        CLASS   BANK47         

        CLASS   BANK46         

        CLASS   BANK45         

        CLASS   BANK44         

        CLASS   BANK43         

        CLASS   BANK42         

        CLASS   BANK41         

        CLASS   BANK40         

        CLASS   BANK39         

        CLASS   BANK38         

        CLASS   BANK37         

        CLASS   BANK36         

        CLASS   BANK35         

        CLASS   BANK34         

        CLASS   BANK33         

        CLASS   BANK32         

        CLASS   BANK31         

        CLASS   BANK30         

        CLASS   BANK29         

        CLASS   BANK28         

        CLASS   BANK27         

        CLASS   BANK26         

        CLASS   BANK25         

        CLASS   BANK24         

        CLASS   BANK23         

        CLASS   BANK22         

        CLASS   BANK21         

        CLASS   BANK20         

        CLASS   BANK19         

        CLASS   BANK18         

        CLASS   BANK17         

        CLASS   BANK16         

        CLASS   BANK15         

        CLASS   BANK14         

        CLASS   BANK13         

        CLASS   BANK12         

        CLASS   BANK11         

        CLASS   BANK10         

        CLASS   BANK9          

        CLASS   BANK8          

        CLASS   BANK7          

        CLASS   BANK6          

        CLASS   BANK5          

        CLASS   BANK4          

        CLASS   BANK3          

        CLASS   EEDATA         



SEGMENTS        Name                           Load    Length   Top    Selector   Space  Class     Delta

                reset_vec                      000000  000001  000001         0       0  CODE        2
                intentry                       000004  000775  000779         8       0  CODE        2
                cstackBANK0                    000020  000044  000064        20       1  BANK0       1
                cstackCOMMON                   000070  00000E  00007E        70       1  COMMON      1
                cstackBANK1                    0000A0  000015  0000B5        A0       1  BANK1       1


UNUSED ADDRESS RANGES

        Name                Unused          Largest block    Delta
        BANK0            00064-0006F               C           1
        BANK1            000B5-000EF              3B           1
        BANK2            00120-0016F              50           1
        BIGRAM           02000-020EF              F0           1
        CODE             00001-00003               3           2
                         00779-007FF              87
        CONST            00001-00003               3           2
                         00779-007FF              87
        ENTRY            00001-00003               3           2
                         00779-007FF              87
        IDLOC            08000-08003               4           2
        RAM              00064-0006F               C           1
                         000B5-000EF              3B
                         00120-0016F              50
        SFR0             00000-0001F              20           1
        SFR1             00080-0009F              20           1
        SFR10            00500-0056F              70           1
        SFR11            00580-005EF              70           1
        SFR12            00600-0066F              70           1
        SFR13            00680-006EF              70           1
        SFR14            00700-0076F              70           1
        SFR15            00780-007EF              70           1
        SFR16            00800-0086F              70           1
        SFR17            00880-008EF              70           1
        SFR18            00900-0096F              70           1
        SFR19            00980-009EF              70           1
        SFR2             00100-0011F              20           1
        SFR20            00A00-00A6F              70           1
        SFR21            00A80-00AEF              70           1
        SFR22            00B00-00B6F              70           1
        SFR23            00B80-00BEF              70           1
        SFR24            00C00-00C6F              70           1
        SFR25            00C80-00CEF              70           1
        SFR26            00D00-00D6F              70           1
        SFR27            00D80-00DEF              70           1
        SFR28            00E00-00E6F              70           1
        SFR29            00E80-00EEF              70           1
        SFR3             00180-001EF              70           1
        SFR30            00F00-00F6F              70           1
        SFR31            00F80-00FEF              70           1
        SFR32            01000-0106F              70           1
        SFR33            01080-010EF              70           1
        SFR34            01100-0116F              70           1
        SFR35            01180-011EF              70           1
        SFR36            01200-0126F              70           1
        SFR37            01280-012EF              70           1
        SFR38            01300-0136F              70           1
        SFR39            01380-013EF              70           1
        SFR4             00200-0026F              70           1
        SFR40            01400-0146F              70           1
        SFR41            01480-014EF              70           1
        SFR42            01500-0156F              70           1
        SFR43            01580-015EF              70           1
        SFR44            01600-0166F              70           1
        SFR45            01680-016EF              70           1
        SFR46            01700-0176F              70           1
        SFR47            01780-017EF              70           1
        SFR48            01800-0186F              70           1
        SFR49            01880-018EF              70           1
        SFR5             00280-002EF              70           1
        SFR50            01900-0196F              70           1
        SFR51            01980-019EF              70           1
        SFR52            01A00-01A6F              70           1
        SFR53            01A80-01AEF              70           1
        SFR54            01B00-01B6F              70           1
        SFR55            01B80-01BEF              70           1
        SFR56            01C00-01C6F              70           1
        SFR57            01C80-01CEF              70           1
        SFR58            01D00-01D6F              70           1
        SFR59            01D80-01DEF              70           1
        SFR6             00300-0036F              70           1
        SFR60            01E00-01E6F              70           1
        SFR61            01E80-01EEF              70           1
        SFR62            01F00-01F6F              70           1
        SFR63            01F80-01FEF              70           1
        SFR7             00380-003EF              70           1
        SFR8             00400-0046F              70           1
        SFR9             00480-004EF              70           1
        STACK            02065-020EF              8B           1
        STRCODE          00001-00003               3           2
                         00779-007FF              87
        STRING           00001-00003               3           2
                         00779-007FF              87

                                  Symbol Table

?_ADC_GetConversionResult                cstackCOMMON 00070
?_RandomRange                            cstackBANK0  00045
?_SelectEvent                            cstackBANK0  00049
?___awdiv                                cstackBANK0  0002C
?___awmod                                cstackBANK0  0003E
?___lmul                                 cstackBANK0  0002C
?___lwdiv                                cstackBANK0  0002C
?___wmul                                 cstackBANK0  00034
?___xxtofl                               cstackCOMMON 00070
?_rand                                   cstackBANK0  00038
ADCP@DutyValue                           cstackBANK1  000A4
ADCP@i                                   cstackBANK1  000A0
ADCP@ii                                  cstackBANK1  000A2
ADC_Activity@Value                       cstackCOMMON 00070
ADC_SetInterruptHandler@InterruptHandler cstackBANK0  0002C
PWM3_LoadDutyValue@dutyValue             cstackBANK0  0002C
RandomRange@high                         cstackBANK0  00047
RandomRange@low                          cstackBANK0  00045
SelectEvent@x                            cstackBANK0  0004C
Wave@ActivePeriod                        cstackBANK1  000B2
Wave@Cycles                              cstackBANK1  000A0
Wave@Event_Length                        cstackBANK1  000B0
Wave@InactivePeriod                      cstackBANK1  000A6
Wave@i                                   cstackBANK1  000A2
Wave@i_801                               cstackBANK1  000A4
Wave@type                                cstackBANK0  0004F
Wave@x                                   cstackBANK1  000A8
Wave@x_798                               cstackBANK1  000AA
Wave@x_799                               cstackBANK1  000AC
Wave@x_800                               cstackBANK1  000AE
_ADACTPPS                                (abs)        01EC3
_ADCAverage                              dataBANK0    00062
_ADCEvent                                text27       00544
_ADCON0                                  (abs)        0009D
_ADCON0bits                              (abs)        0009D
_ADCON1                                  (abs)        0009E
_ADCP                                    text17       00218
_ADCValue                                bssBANK0     00056
_ADC_Activity                            text32       00644
_ADC_Activity$779                        cstackCOMMON 00074
_ADC_DefaultInterruptHandler             text28       00778
_ADC_GetConversionResult                 text31       0076B
_ADC_ISR                                 text26       00744
_ADC_Initialize                          text12       00726
_ADC_InterruptHandler                    nvBANK0      0005C
_ADC_SetInterruptHandler                 text13       00765
_ADC_Tol                                 dataBANK0    00060
_ADRESH                                  (abs)        0009C
_ADRESL                                  (abs)        0009B
_ANSELA                                  (abs)        01F38
_Constant                                text15       006E6
_INLVLA                                  (abs)        01F3C
_INTCONbits                              (abs)        0000B
_INTERRUPT_InterruptManager              intentry     00004
_InactiveADC                             bssBANK0     00052
_LATA                                    (abs)        00018
_LATAbits                                (abs)        00018
_ODCONA                                  (abs)        01F3A
_OSCEN                                   (abs)        00891
_OSCFRQ                                  (abs)        00893
_OSCILLATOR_Initialize                   text11       0075F
_OSCTUNE                                 (abs)        00892
_PIE1bits                                (abs)        00717
_PIN_MANAGER_Initialize                  text10       006FD
_PIR1bits                                (abs)        0070D
_PORTAbits                               (abs)        0000C
_PR2                                     (abs)        0028D
_PWM3CON                                 (abs)        00316
_PWM3DCH                                 (abs)        00315
_PWM3DCL                                 (abs)        00314
_PWM3_Initialize                         text9        00759
_PWM3_LoadDutyValue                      text24       0069F
_RA4PPS                                  (abs)        01F14
_RandomRange                             text20       00712
_RestPeriod                              text14       006CF
_SLRCONA                                 (abs)        01F3B
_SYSTEM_Initialize                       text5        00751
_SelectEvent                             text4        003C7
_T1CLK                                   (abs)        00211
_T1CON                                   (abs)        0020E
_T1CONbits                               (abs)        0020E
_T1GATE                                  (abs)        00210
_T1GCON                                  (abs)        0020F
_T1GCONbits                              (abs)        0020F
_T2CLKCON                                (abs)        00290
_T2CON                                   (abs)        0028E
_T2CONbits                               (abs)        0028E
_T2HLT                                   (abs)        0028F
_T2HLTbits                               (abs)        0028F
_T2PR                                    (abs)        0028D
_T2RST                                   (abs)        00291
_T2RSTbits                               (abs)        00291
_T2TMR                                   (abs)        0028C
_TMR1H                                   (abs)        0020D
_TMR1L                                   (abs)        0020C
_TMR1_Initialize                         text8        006B8
_TMR2                                    (abs)        0028C
_TMR2_Initialize                         text7        00736
_TRISA                                   (abs)        00012
_WDTCON                                  (abs)        0080C
_WDT_Initialize                          text6        00775
_WPUA                                    (abs)        01F39
_Wave                                    text1        00025
__Habs1                                  abs1         00000
__Hbank0                                 bank0        00000
__Hbank1                                 bank1        00000
__Hbank10                                bank10       00000
__Hbank11                                bank11       00000
__Hbank12                                bank12       00000
__Hbank13                                bank13       00000
__Hbank14                                bank14       00000
__Hbank15                                bank15       00000
__Hbank16                                bank16       00000
__Hbank17                                bank17       00000
__Hbank18                                bank18       00000
__Hbank19                                bank19       00000
__Hbank2                                 bank2        00000
__Hbank20                                bank20       00000
__Hbank21                                bank21       00000
__Hbank22                                bank22       00000
__Hbank23                                bank23       00000
__Hbank24                                bank24       00000
__Hbank25                                bank25       00000
__Hbank26                                bank26       00000
__Hbank27                                bank27       00000
__Hbank28                                bank28       00000
__Hbank29                                bank29       00000
__Hbank3                                 bank3        00000
__Hbank30                                bank30       00000
__Hbank31                                bank31       00000
__Hbank32                                bank32       00000
__Hbank33                                bank33       00000
__Hbank34                                bank34       00000
__Hbank35                                bank35       00000
__Hbank36                                bank36       00000
__Hbank37                                bank37       00000
__Hbank38                                bank38       00000
__Hbank39                                bank39       00000
__Hbank4                                 bank4        00000
__Hbank40                                bank40       00000
__Hbank41                                bank41       00000
__Hbank42                                bank42       00000
__Hbank43                                bank43       00000
__Hbank44                                bank44       00000
__Hbank45                                bank45       00000
__Hbank46                                bank46       00000
__Hbank47                                bank47       00000
__Hbank48                                bank48       00000
__Hbank49                                bank49       00000
__Hbank5                                 bank5        00000
__Hbank50                                bank50       00000
__Hbank51                                bank51       00000
__Hbank52                                bank52       00000
__Hbank53                                bank53       00000
__Hbank54                                bank54       00000
__Hbank55                                bank55       00000
__Hbank56                                bank56       00000
__Hbank57                                bank57       00000
__Hbank58                                bank58       00000
__Hbank59                                bank59       00000
__Hbank6                                 bank6        00000
__Hbank60                                bank60       00000
__Hbank61                                bank61       00000
__Hbank62                                bank62       00000
__Hbank63                                bank63       00000
__Hbank7                                 bank7        00000
__Hbank8                                 bank8        00000
__Hbank9                                 bank9        00000
__Hbigram                                bigram       00000
__HbssBANK0                              bssBANK0     00000
__Hcinit                                 cinit        00025
__Hclrtext                               clrtext      00000
__Hcode                                  code         00000
__Hcommon                                common       00000
__Hconfig                                config       0800C
__HcstackBANK0                           cstackBANK0  00000
__HcstackBANK1                           cstackBANK1  00000
__HcstackCOMMON                          cstackCOMMON 00000
__HdataBANK0                             dataBANK0    00000
__Heeprom_data                           eeprom_data  00000
__Hend_init                              end_init     00010
__Hfunctab                               functab      00000
__HidataBANK0                            idataBANK0   00000
__Hinit                                  init         0000F
__Hintentry                              intentry     0000F
__Hmaintext                              maintext     00000
__HnvBANK0                               nvBANK0      00000
__Hpowerup                               powerup      00000
__Hram                                   ram          00000
__Hreset_vec                             reset_vec    00001
__Hsfr0                                  sfr0         00000
__Hsfr1                                  sfr1         00000
__Hsfr10                                 sfr10        00000
__Hsfr11                                 sfr11        00000
__Hsfr12                                 sfr12        00000
__Hsfr13                                 sfr13        00000
__Hsfr14                                 sfr14        00000
__Hsfr15                                 sfr15        00000
__Hsfr16                                 sfr16        00000
__Hsfr17                                 sfr17        00000
__Hsfr18                                 sfr18        00000
__Hsfr19                                 sfr19        00000
__Hsfr2                                  sfr2         00000
__Hsfr20                                 sfr20        00000
__Hsfr21                                 sfr21        00000
__Hsfr22                                 sfr22        00000
__Hsfr23                                 sfr23        00000
__Hsfr24                                 sfr24        00000
__Hsfr25                                 sfr25        00000
__Hsfr26                                 sfr26        00000
__Hsfr27                                 sfr27        00000
__Hsfr28                                 sfr28        00000
__Hsfr29                                 sfr29        00000
__Hsfr3                                  sfr3         00000
__Hsfr30                                 sfr30        00000
__Hsfr31                                 sfr31        00000
__Hsfr32                                 sfr32        00000
__Hsfr33                                 sfr33        00000
__Hsfr34                                 sfr34        00000
__Hsfr35                                 sfr35        00000
__Hsfr36                                 sfr36        00000
__Hsfr37                                 sfr37        00000
__Hsfr38                                 sfr38        00000
__Hsfr39                                 sfr39        00000
__Hsfr4                                  sfr4         00000
__Hsfr40                                 sfr40        00000
__Hsfr41                                 sfr41        00000
__Hsfr42                                 sfr42        00000
__Hsfr43                                 sfr43        00000
__Hsfr44                                 sfr44        00000
__Hsfr45                                 sfr45        00000
__Hsfr46                                 sfr46        00000
__Hsfr47                                 sfr47        00000
__Hsfr48                                 sfr48        00000
__Hsfr49                                 sfr49        00000
__Hsfr5                                  sfr5         00000
__Hsfr50                                 sfr50        00000
__Hsfr51                                 sfr51        00000
__Hsfr52                                 sfr52        00000
__Hsfr53                                 sfr53        00000
__Hsfr54                                 sfr54        00000
__Hsfr55                                 sfr55        00000
__Hsfr56                                 sfr56        00000
__Hsfr57                                 sfr57        00000
__Hsfr58                                 sfr58        00000
__Hsfr59                                 sfr59        00000
__Hsfr6                                  sfr6         00000
__Hsfr60                                 sfr60        00000
__Hsfr61                                 sfr61        00000
__Hsfr62                                 sfr62        00000
__Hsfr63                                 sfr63        00000
__Hsfr7                                  sfr7         00000
__Hsfr8                                  sfr8         00000
__Hsfr9                                  sfr9         00000
__Hspace_0                               (abs)        00779
__Hspace_1                               (abs)        000B5
__Hspace_2                               (abs)        00000
__Hspace_3                               (abs)        00000
__Hspace_4                               (abs)        10013
__Hstack                                 stack        00000
__Hstrings                               strings      00000
__Htext                                  text         00000
__Labs1                                  abs1         00000
__Lbank0                                 bank0        00000
__Lbank1                                 bank1        00000
__Lbank10                                bank10       00000
__Lbank11                                bank11       00000
__Lbank12                                bank12       00000
__Lbank13                                bank13       00000
__Lbank14                                bank14       00000
__Lbank15                                bank15       00000
__Lbank16                                bank16       00000
__Lbank17                                bank17       00000
__Lbank18                                bank18       00000
__Lbank19                                bank19       00000
__Lbank2                                 bank2        00000
__Lbank20                                bank20       00000
__Lbank21                                bank21       00000
__Lbank22                                bank22       00000
__Lbank23                                bank23       00000
__Lbank24                                bank24       00000
__Lbank25                                bank25       00000
__Lbank26                                bank26       00000
__Lbank27                                bank27       00000
__Lbank28                                bank28       00000
__Lbank29                                bank29       00000
__Lbank3                                 bank3        00000
__Lbank30                                bank30       00000
__Lbank31                                bank31       00000
__Lbank32                                bank32       00000
__Lbank33                                bank33       00000
__Lbank34                                bank34       00000
__Lbank35                                bank35       00000
__Lbank36                                bank36       00000
__Lbank37                                bank37       00000
__Lbank38                                bank38       00000
__Lbank39                                bank39       00000
__Lbank4                                 bank4        00000
__Lbank40                                bank40       00000
__Lbank41                                bank41       00000
__Lbank42                                bank42       00000
__Lbank43                                bank43       00000
__Lbank44                                bank44       00000
__Lbank45                                bank45       00000
__Lbank46                                bank46       00000
__Lbank47                                bank47       00000
__Lbank48                                bank48       00000
__Lbank49                                bank49       00000
__Lbank5                                 bank5        00000
__Lbank50                                bank50       00000
__Lbank51                                bank51       00000
__Lbank52                                bank52       00000
__Lbank53                                bank53       00000
__Lbank54                                bank54       00000
__Lbank55                                bank55       00000
__Lbank56                                bank56       00000
__Lbank57                                bank57       00000
__Lbank58                                bank58       00000
__Lbank59                                bank59       00000
__Lbank6                                 bank6        00000
__Lbank60                                bank60       00000
__Lbank61                                bank61       00000
__Lbank62                                bank62       00000
__Lbank63                                bank63       00000
__Lbank7                                 bank7        00000
__Lbank8                                 bank8        00000
__Lbank9                                 bank9        00000
__Lbigram                                bigram       00000
__LbssBANK0                              bssBANK0     00000
__Lcinit                                 cinit        00010
__Lclrtext                               clrtext      00000
__Lcode                                  code         00000
__Lcommon                                common       00000
__Lconfig                                config       00000
__LcstackBANK0                           cstackBANK0  00000
__LcstackBANK1                           cstackBANK1  00000
__LcstackCOMMON                          cstackCOMMON 00000
__LdataBANK0                             dataBANK0    00000
__Leeprom_data                           eeprom_data  00000
__Lend_init                              end_init     0000F
__Lfunctab                               functab      00000
__LidataBANK0                            idataBANK0   00000
__Linit                                  init         0000F
__Lintentry                              intentry     00004
__Lmaintext                              maintext     00000
__LnvBANK0                               nvBANK0      00000
__Lpowerup                               powerup      00000
__Lram                                   ram          00000
__Lreset_vec                             reset_vec    00000
__Lsfr0                                  sfr0         00000
__Lsfr1                                  sfr1         00000
__Lsfr10                                 sfr10        00000
__Lsfr11                                 sfr11        00000
__Lsfr12                                 sfr12        00000
__Lsfr13                                 sfr13        00000
__Lsfr14                                 sfr14        00000
__Lsfr15                                 sfr15        00000
__Lsfr16                                 sfr16        00000
__Lsfr17                                 sfr17        00000
__Lsfr18                                 sfr18        00000
__Lsfr19                                 sfr19        00000
__Lsfr2                                  sfr2         00000
__Lsfr20                                 sfr20        00000
__Lsfr21                                 sfr21        00000
__Lsfr22                                 sfr22        00000
__Lsfr23                                 sfr23        00000
__Lsfr24                                 sfr24        00000
__Lsfr25                                 sfr25        00000
__Lsfr26                                 sfr26        00000
__Lsfr27                                 sfr27        00000
__Lsfr28                                 sfr28        00000
__Lsfr29                                 sfr29        00000
__Lsfr3                                  sfr3         00000
__Lsfr30                                 sfr30        00000
__Lsfr31                                 sfr31        00000
__Lsfr32                                 sfr32        00000
__Lsfr33                                 sfr33        00000
__Lsfr34                                 sfr34        00000
__Lsfr35                                 sfr35        00000
__Lsfr36                                 sfr36        00000
__Lsfr37                                 sfr37        00000
__Lsfr38                                 sfr38        00000
__Lsfr39                                 sfr39        00000
__Lsfr4                                  sfr4         00000
__Lsfr40                                 sfr40        00000
__Lsfr41                                 sfr41        00000
__Lsfr42                                 sfr42        00000
__Lsfr43                                 sfr43        00000
__Lsfr44                                 sfr44        00000
__Lsfr45                                 sfr45        00000
__Lsfr46                                 sfr46        00000
__Lsfr47                                 sfr47        00000
__Lsfr48                                 sfr48        00000
__Lsfr49                                 sfr49        00000
__Lsfr5                                  sfr5         00000
__Lsfr50                                 sfr50        00000
__Lsfr51                                 sfr51        00000
__Lsfr52                                 sfr52        00000
__Lsfr53                                 sfr53        00000
__Lsfr54                                 sfr54        00000
__Lsfr55                                 sfr55        00000
__Lsfr56                                 sfr56        00000
__Lsfr57                                 sfr57        00000
__Lsfr58                                 sfr58        00000
__Lsfr59                                 sfr59        00000
__Lsfr6                                  sfr6         00000
__Lsfr60                                 sfr60        00000
__Lsfr61                                 sfr61        00000
__Lsfr62                                 sfr62        00000
__Lsfr63                                 sfr63        00000
__Lsfr7                                  sfr7         00000
__Lsfr8                                  sfr8         00000
__Lsfr9                                  sfr9         00000
__Lspace_0                               (abs)        00000
__Lspace_1                               (abs)        00000
__Lspace_2                               (abs)        00000
__Lspace_3                               (abs)        00000
__Lspace_4                               (abs)        00000
__Lstack                                 stack        00000
__Lstrings                               strings      00000
__Ltext                                  text         00000
__S0                                     (abs)        00779
__S1                                     (abs)        000B5
__S2                                     (abs)        00000
___awdiv                                 text3        004AC
___awdiv@counter                         cstackBANK0  00031
___awdiv@dividend                        cstackBANK0  0002E
___awdiv@divisor                         cstackBANK0  0002C
___awdiv@quotient                        cstackBANK0  00033
___awdiv@sign                            cstackBANK0  00032
___awmod                                 text23       004FE
___awmod@counter                         cstackBANK0  00043
___awmod@dividend                        cstackBANK0  00040
___awmod@divisor                         cstackBANK0  0003E
___awmod@sign                            cstackBANK0  00044
___flge                                  text30       0034B
___flge@ff1                              cstackBANK0  00020
___flge@ff2                              cstackBANK0  00024
___int_sp                                stack        00000
___latbits                               (abs)        00000
___lmul                                  text22       005F2
___lmul@multiplicand                     cstackBANK0  00030
___lmul@multiplier                       cstackBANK0  0002C
___lmul@product                          cstackBANK0  00034
___lwdiv                                 text19       0058A
___lwdiv@counter                         cstackBANK0  00031
___lwdiv@dividend                        cstackBANK0  0002E
___lwdiv@divisor                         cstackBANK0  0002C
___lwdiv@quotient                        cstackBANK0  00032
___sp                                    stack        00000
___stackhi                               (abs)        020EF
___stacklo                               (abs)        02065
___wmul                                  text18       00683
___wmul@multiplicand                     cstackBANK0  00036
___wmul@multiplier                       cstackBANK0  00034
___wmul@product                          cstackBANK0  00038
___xxtofl                                text29       002B6
___xxtofl@arg                            cstackCOMMON 0007A
___xxtofl@exp                            cstackCOMMON 00079
___xxtofl@sign                           cstackCOMMON 00078
___xxtofl@val                            cstackCOMMON 00070
__end_of_ADCEvent                        text27       0058A
__end_of_ADCP                            text17       002B6
__end_of_ADC_Activity                    text32       00665
__end_of_ADC_DefaultInterruptHandler     text28       00779
__end_of_ADC_GetConversionResult         text31       00771
__end_of_ADC_ISR                         text26       00751
__end_of_ADC_Initialize                  text12       00736
__end_of_ADC_SetInterruptHandler         text13       0076B
__end_of_Constant                        text15       006FD
__end_of_INTERRUPT_InterruptManager      intentry     0000F
__end_of_OSCILLATOR_Initialize           text11       00765
__end_of_PIN_MANAGER_Initialize          text10       00712
__end_of_PWM3_Initialize                 text9        0075F
__end_of_PWM3_LoadDutyValue              text24       006B8
__end_of_RandomRange                     text20       00726
__end_of_RestPeriod                      text14       006E6
__end_of_SYSTEM_Initialize               text5        00759
__end_of_SelectEvent                     text4        0043F
__end_of_TMR1_Initialize                 text8        006CF
__end_of_TMR2_Initialize                 text7        00744
__end_of_WDT_Initialize                  text6        00778
__end_of_Wave                            text1        00218
__end_of___awdiv                         text3        004FE
__end_of___awmod                         text23       00544
__end_of___flge                          text30       003C7
__end_of___lmul                          text22       00622
__end_of___lwdiv                         text19       005BF
__end_of___wmul                          text18       0069F
__end_of___xxtofl                        text29       0034B
__end_of__initialization                 cinit        00022
__end_of_delay_ms                        text2        00683
__end_of_delay_s                         text16       00644
__end_of_main                            maintext     004AC
__end_of_rand                            text21       005F2
__initialization                         cinit        00010
__pbssBANK0                              bssBANK0     00052
__pcstackBANK0                           cstackBANK0  00020
__pcstackBANK1                           cstackBANK1  000A0
__pcstackCOMMON                          cstackCOMMON 00070
__pdataBANK0                             dataBANK0    00060
__pidataBANK0                            idataBANK0   00771
__pintentry                              intentry     00004
__pmaintext                              maintext     0043F
__pnvBANK0                               nvBANK0      0005C
__ptext1                                 text1        00025
__ptext10                                text10       006FD
__ptext11                                text11       0075F
__ptext12                                text12       00726
__ptext13                                text13       00765
__ptext14                                text14       006CF
__ptext15                                text15       006E6
__ptext16                                text16       00622
__ptext17                                text17       00218
__ptext18                                text18       00683
__ptext19                                text19       0058A
__ptext2                                 text2        00665
__ptext20                                text20       00712
__ptext21                                text21       005BF
__ptext22                                text22       005F2
__ptext23                                text23       004FE
__ptext24                                text24       0069F
__ptext26                                text26       00744
__ptext27                                text27       00544
__ptext28                                text28       00778
__ptext29                                text29       002B6
__ptext3                                 text3        004AC
__ptext30                                text30       0034B
__ptext31                                text31       0076B
__ptext32                                text32       00644
__ptext4                                 text4        003C7
__ptext5                                 text5        00751
__ptext6                                 text6        00775
__ptext7                                 text7        00736
__ptext8                                 text8        006B8
__ptext9                                 text9        00759
__size_of_ADCEvent                       (abs)        00000
__size_of_ADCP                           (abs)        00000
__size_of_ADC_Activity                   (abs)        00000
__size_of_ADC_DefaultInterruptHandler    (abs)        00000
__size_of_ADC_GetConversionResult        (abs)        00000
__size_of_ADC_ISR                        (abs)        00000
__size_of_ADC_Initialize                 (abs)        00000
__size_of_ADC_SetInterruptHandler        (abs)        00000
__size_of_Constant                       (abs)        00000
__size_of_INTERRUPT_InterruptManager     (abs)        00000
__size_of_OSCILLATOR_Initialize          (abs)        00000
__size_of_PIN_MANAGER_Initialize         (abs)        00000
__size_of_PWM3_Initialize                (abs)        00000
__size_of_PWM3_LoadDutyValue             (abs)        00000
__size_of_RandomRange                    (abs)        00000
__size_of_RestPeriod                     (abs)        00000
__size_of_SYSTEM_Initialize              (abs)        00000
__size_of_SelectEvent                    (abs)        00000
__size_of_TMR1_Initialize                (abs)        00000
__size_of_TMR2_Initialize                (abs)        00000
__size_of_WDT_Initialize                 (abs)        00000
__size_of_Wave                           (abs)        00000
__size_of___awdiv                        (abs)        00000
__size_of___awmod                        (abs)        00000
__size_of___flge                         (abs)        00000
__size_of___lmul                         (abs)        00000
__size_of___lwdiv                        (abs)        00000
__size_of___wmul                         (abs)        00000
__size_of___xxtofl                       (abs)        00000
__size_of_delay_ms                       (abs)        00000
__size_of_delay_s                        (abs)        00000
__size_of_main                           (abs)        00000
__size_of_rand                           (abs)        00000
_delay_ms                                text2        00665
_delay_s                                 text16       00622
_main                                    maintext     0043F
_rand                                    text21       005BF
_seed                                    bssBANK0     00058
_timer1ReloadVal                         nvBANK0      0005E
btemp                                    (abs)        0007E
delay_ms@count                           cstackBANK0  00035
delay_ms@i                               cstackBANK0  00038
delay_s@count                            cstackBANK0  00049
delay_s@i                                cstackBANK0  0004D
end_of_initialization                    cinit        00022
int$flags                                (abs)        0007E
intlevel0                                functab      00000
intlevel1                                functab      00000
intlevel2                                functab      00000
intlevel3                                functab      00000
intlevel4                                functab      00000
intlevel5                                functab      00000
reset_vec                                reset_vec    00000
start                                    init         0000F
start_initialization                     cinit        00010
wtemp0                                   (abs)        0007E


MODULE INFORMATION

Module		Function		Class		Link	Load	Size
C:\Program Files\Microchip\xc8\v2.32\pic\sources\c99\common\awdiv.c
		___awdiv       		CODE           	04AC	0000	82

C:\Program Files\Microchip\xc8\v2.32\pic\sources\c99\common\awdiv.c estimated size: 82

mcc_generated_files/tmr2.c
		_TMR2_Initialize		CODE           	0736	0000	14

mcc_generated_files/tmr2.c estimated size: 14

mcc_generated_files/interrupt_manager.c
		_INTERRUPT_InterruptManager		CODE           	0004	0000	11

mcc_generated_files/interrupt_manager.c estimated size: 11

mcc_generated_files/pin_manager.c
		_PIN_MANAGER_Initialize		CODE           	06FD	0000	21

mcc_generated_files/pin_manager.c estimated size: 21

C:\Program Files\Microchip\xc8\v2.32\pic\sources\c99\common\rand.c
		_rand          		CODE           	05BF	0000	51

C:\Program Files\Microchip\xc8\v2.32\pic\sources\c99\common\rand.c estimated size: 51

mcc_generated_files/adc.c
		_ADC_DefaultInterruptHandler		CODE           	0778	0000	1
		_ADC_Initialize		CODE           	0726	0000	16
		_ADC_SetInterruptHandler		CODE           	0765	0000	6
		_ADC_GetConversionResult		CODE           	076B	0000	6
		_ADC_ISR       		CODE           	0744	0000	13

mcc_generated_files/adc.c estimated size: 42

C:\Program Files\Microchip\xc8\v2.32\pic\sources\c99\common\Umul16.c
		___wmul        		CODE           	0683	0000	28

C:\Program Files\Microchip\xc8\v2.32\pic\sources\c99\common\Umul16.c estimated size: 28

procedures.c
		_ADC_Activity  		CODE           	0644	0000	33
		_RandomRange   		CODE           	0712	0000	20
		_ADCEvent      		CODE           	0544	0000	70
		_delay_ms      		CODE           	0665	0000	30
		_Constant      		CODE           	06E6	0000	23
		_Wave          		CODE           	0025	0000	499
		_SelectEvent   		CODE           	03C7	0000	120
		_delay_s       		CODE           	0622	0000	34
		_ADCP          		CODE           	0218	0000	158
		_RestPeriod    		CODE           	06CF	0000	23

procedures.c estimated size: 1010

shared
		__initialization		CODE           	0010	0000	18

shared estimated size: 18

C:\Program Files\Microchip\xc8\v2.32\pic\sources\c99\common\awmod.c
		___awmod       		CODE           	04FE	0000	70

C:\Program Files\Microchip\xc8\v2.32\pic\sources\c99\common\awmod.c estimated size: 70

mcc_generated_files/mcc.c
		_WDT_Initialize		CODE           	0775	0000	3
		_OSCILLATOR_Initialize		CODE           	075F	0000	6
		_SYSTEM_Initialize		CODE           	0751	0000	8

mcc_generated_files/mcc.c estimated size: 17

mcc_generated_files/pwm3.c
		_PWM3_Initialize		CODE           	0759	0000	6
		_PWM3_LoadDutyValue		CODE           	069F	0000	25

mcc_generated_files/pwm3.c estimated size: 31

mcc_generated_files/tmr1.c
		_TMR1_Initialize		CODE           	06B8	0000	23

mcc_generated_files/tmr1.c estimated size: 23

C:\Program Files\Microchip\xc8\v2.32\pic\sources\c99\common\lwdiv.c
		___lwdiv       		CODE           	058A	0000	53

C:\Program Files\Microchip\xc8\v2.32\pic\sources\c99\common\lwdiv.c estimated size: 53

C:\Program Files\Microchip\xc8\v2.32\pic\sources\c99\common\Umul32.c
		___lmul        		CODE           	05F2	0000	48

C:\Program Files\Microchip\xc8\v2.32\pic\sources\c99\common\Umul32.c estimated size: 48

C:\Program Files\Microchip\xc8\v2.32\pic\sources\c99\common\xxtofl.c
		___xxtofl      		CODE           	02B6	0000	149

C:\Program Files\Microchip\xc8\v2.32\pic\sources\c99\common\xxtofl.c estimated size: 149

main.c
		_main          		CODE           	043F	0000	109

main.c estimated size: 109

C:\Program Files\Microchip\xc8\v2.32\pic\sources\c99\common\flge.c
		___flge        		CODE           	034B	0000	124

C:\Program Files\Microchip\xc8\v2.32\pic\sources\c99\common\flge.c estimated size: 124

