Microchip MPLAB XC8 Compiler V2.31

Linker command line:

-W-3 --edf=C:\Program Files (x86)\Microchip\Compiler\pic\dat\en_msgs.txt \
  -cn -h+dist/default/production\Space_Invaders.X.production.sym \
  --cmf=dist/default/production\Space_Invaders.X.production.cmf -z \
  -Q16F1705 -oC:\Users\msoul\AppData\Local\Temp\s1kk.2 \
  --defsym=__MPLAB_BUILD=1 \
  -Mdist/default/production/Space_Invaders.X.production.map -E1 \
  -ver=XC8 Compiler --acfsm=1493 -ASTACK=02065h-023EFh -pstack=STACK \
  -ACODE=00h-07FFhx4 -ASTRCODE=00h-01FFFh -ASTRING=00h-0FFhx32 \
  -ACONST=00h-0FFhx32 -AENTRY=00h-0FFhx32 -ACOMMON=070h-07Fh \
  -ABANK0=020h-06Fh -ABANK1=0A0h-0EFh -ABANK2=0120h-016Fh \
  -ABANK3=01A0h-01EFh -ABANK4=0220h-026Fh -ABANK5=02A0h-02EFh \
  -ABANK6=0320h-036Fh -ABANK7=03A0h-03EFh -ABANK8=0420h-046Fh \
  -ABANK9=04A0h-04EFh -ABANK10=0520h-056Fh -ABANK11=05A0h-05EFh \
  -ABANK12=0620h-064Fh -ABIGRAM=02000h-023EFh \
  -ARAM=020h-06Fh,0A0h-0EFh,0120h-016Fh,01A0h-01EFh,0220h-026Fh,02A0h-02EFh,0320h-036Fh,03A0h-03EFh,0420h-046Fh,04A0h-04EFh,0520h-056Fh,05A0h-05EFh,0620h-064Fh \
  -AABS1=020h-07Fh,0A0h-0EFh,0120h-016Fh,01A0h-01EFh,0220h-026Fh,02A0h-02EFh,0320h-036Fh,03A0h-03EFh,0420h-046Fh,04A0h-04EFh,0520h-056Fh,05A0h-05EFh,0620h-064Fh \
  -ASFR0=00h-01Fh -ASFR1=080h-09Fh -ASFR2=0100h-011Fh -ASFR3=0180h-019Fh \
  -ASFR4=0200h-021Fh -ASFR5=0280h-029Fh -ASFR6=0300h-031Fh \
  -ASFR7=0380h-039Fh -ASFR8=0400h-041Fh -ASFR9=0480h-049Fh \
  -ASFR10=0500h-051Fh -ASFR11=0580h-059Fh -ASFR12=0600h-061Fh \
  -ASFR13=0680h-06EFh -ASFR14=0700h-076Fh -ASFR15=0780h-07EFh \
  -ASFR16=0800h-086Fh -ASFR17=0880h-08EFh -ASFR18=0900h-096Fh \
  -ASFR19=0980h-09EFh -ASFR20=0A00h-0A6Fh -ASFR21=0A80h-0AEFh \
  -ASFR22=0B00h-0B6Fh -ASFR23=0B80h-0BEFh -ASFR24=0C00h-0C6Fh \
  -ASFR25=0C80h-0CEFh -ASFR26=0D00h-0D6Fh -ASFR27=0D80h-0DEFh \
  -ASFR28=0E00h-0E6Fh -ASFR29=0E80h-0EEFh -ASFR30=0F00h-0F6Fh \
  -ASFR31=0F80h-0FEFh -ACONFIG=08007h-08008h -DCONFIG=2 \
  -AIDLOC=08000h-08003h -DIDLOC=2 -DCODE=2 -DSTRCODE=2 -DSTRING=2 -DCONST=2 \
  -DENTRY=2 -preset_vec=00h,intentry=04h,init,end_init -ppowerup=CODE \
  -pcinit=CODE -pfunctab=ENTRY -k C:\Users\msoul\AppData\Local\Temp\s1kk.o \
  dist/default/production\Space_Invaders.X.production.o 

Object code version is 3.11

Machine type is 16F1705



                Name                               Link     Load   Length Selector   Space Scale
C:\Users\msoul\AppData\Local\Temp\s1kk.o
                end_init                              D        D        2        8       0
                reset_vec                             0        0        2        0       0
                config                             8007     8007        2        0       4
dist/default/production\Space_Invaders.X.production.o
                cinit                                 F        F       22        8       0
                intentry                              4        4        9        8       0
                config                             8007     8007        2        0       4
                text28                             1BC1     1BC1       2F     3782       0
                text27                             1C1F     1C1F       41     383E       0
                text26                                3        3        1        6       0
                text25                             1CB0     1CB0       5E     3960       0
                text24                             1B4B     1B4B        B     3696       0
                text23                             1B56     1B56       16     36AC       0
                text21                             1B41     1B41        A     3682       0
                text20                             1B1B     1B1B        6     3636       0
                text19                             1B0A     1B0A        4     3614       0
                text18                             1B28     1B28        8     3650       0
                text17                             1B83     1B83       1F     3706       0
                text16                             1B30     1B30        8     3660       0
                text15                             1B6C     1B6C       17     36D8       0
                text14                             1B0E     1B0E        4     361C       0
                text13                             13B9     13B9       15     2772       0
                text12                             1B38     1B38        9     3670       0
                text11                             1B21     1B21        7     3642       0
                text10                             1B07     1B07        3     360E       0
                text9                              1B16     1B16        5     362C       0
                text8                              1E87     1E87      179     3D0E       0
                text7                              1BA2     1BA2       1F     3744       0
                text6                              15E8     15E8      218     2BD0       0
                text5                              13CE     13CE       65     279C       0
                text4                              1D0E     1D0E       95     3A1C       0
                text3                              1433     1433      1B5     2866       0
                text2                              1BF0     1BF0       2F     37E0       0
                text1                              1C60     1C60       50     38C0       0
                maintext                           1DA3     1DA3       E4     3B46       0
                cstackBANK0                          20       20       40       20       1
                cstackCOMMON                         70       70        E       70       1
                cstackBANK1                          A0       A0        A       A0       1
                dataBANK1                            AE       AE        4       A0       1
                bssBANK1                             AA       AA        4       A0       1
                bssBANK0                             60       60        8       20       1
                nvBANK1                              B2       B2        3       A0       1
                stringtext4                        10CB     10CB      2EE       62       0
                stringtext3                         DDD      DDD      2EE       62       0
                stringtext2                         AEF      AEF      2EE       62       0
                stringtext1                          31       31      ABE       62       0
                idataBANK1                         1B12     1B12        4     3624       0

TOTAL           Name                               Link     Load   Length     Space
        CLASS   STACK          

        CLASS   CODE           
                end_init                              D        D        2         0
                cinit                                 F        F       22         0
                intentry                              4        4        9         0
                reset_vec                             0        0        2         0
                text28                             1BC1     1BC1       2F         0
                text27                             1C1F     1C1F       41         0
                text26                                3        3        1         0
                text25                             1CB0     1CB0       5E         0
                text24                             1B4B     1B4B        B         0
                text23                             1B56     1B56       16         0
                text21                             1B41     1B41        A         0
                text20                             1B1B     1B1B        6         0
                text19                             1B0A     1B0A        4         0
                text18                             1B28     1B28        8         0
                text17                             1B83     1B83       1F         0
                text16                             1B30     1B30        8         0
                text15                             1B6C     1B6C       17         0
                text14                             1B0E     1B0E        4         0
                text13                             13B9     13B9       15         0
                text12                             1B38     1B38        9         0
                text11                             1B21     1B21        7         0
                text10                             1B07     1B07        3         0
                text9                              1B16     1B16        5         0
                text8                              1E87     1E87      179         0
                text7                              1BA2     1BA2       1F         0
                text6                              15E8     15E8      218         0
                text5                              13CE     13CE       65         0
                text4                              1D0E     1D0E       95         0
                text3                              1433     1433      1B5         0
                text2                              1BF0     1BF0       2F         0
                text1                              1C60     1C60       50         0
                maintext                           1DA3     1DA3       E4         0
                idataBANK1                         1B12     1B12        4         0

        CLASS   STRCODE        
                stringtext4                        10CB     10CB      2EE         0
                stringtext3                         DDD      DDD      2EE         0
                stringtext2                         AEF      AEF      2EE         0
                stringtext1                          31       31      ABE         0

        CLASS   STRING         

        CLASS   CONST          

        CLASS   ENTRY          

        CLASS   COMMON         
                cstackCOMMON                         70       70        E         1

        CLASS   BANK0          
                cstackBANK0                          20       20       40         1
                bssBANK0                             60       60        8         1

        CLASS   BANK1          
                cstackBANK1                          A0       A0        A         1
                dataBANK1                            AE       AE        4         1
                bssBANK1                             AA       AA        4         1
                nvBANK1                              B2       B2        3         1

        CLASS   BANK2          

        CLASS   BANK3          

        CLASS   BANK4          

        CLASS   BANK5          

        CLASS   BANK6          

        CLASS   BANK7          

        CLASS   BANK8          

        CLASS   BANK9          

        CLASS   BANK10         

        CLASS   BANK11         

        CLASS   BANK12         

        CLASS   BIGRAM         

        CLASS   RAM            

        CLASS   ABS1           
                abs_s1                               7E       7E        2         1

        CLASS   SFR0           

        CLASS   SFR1           

        CLASS   SFR2           

        CLASS   SFR3           

        CLASS   SFR4           

        CLASS   SFR5           

        CLASS   SFR6           

        CLASS   SFR7           

        CLASS   SFR8           

        CLASS   SFR9           

        CLASS   SFR10          

        CLASS   SFR11          

        CLASS   SFR12          

        CLASS   SFR13          

        CLASS   SFR14          

        CLASS   SFR15          

        CLASS   SFR16          

        CLASS   SFR17          

        CLASS   SFR18          

        CLASS   SFR19          

        CLASS   SFR20          

        CLASS   SFR21          

        CLASS   SFR22          

        CLASS   SFR23          

        CLASS   SFR24          

        CLASS   SFR25          

        CLASS   SFR26          

        CLASS   SFR27          

        CLASS   SFR28          

        CLASS   SFR29          

        CLASS   SFR30          

        CLASS   SFR31          

        CLASS   CONFIG         
                config                             8007     8007        2         4

        CLASS   IDLOC          

        CLASS   BANK31         

        CLASS   BANK30         

        CLASS   BANK29         

        CLASS   BANK28         

        CLASS   BANK27         

        CLASS   BANK26         

        CLASS   BANK25         

        CLASS   BANK24         

        CLASS   BANK23         

        CLASS   BANK22         

        CLASS   BANK21         

        CLASS   BANK20         

        CLASS   BANK19         

        CLASS   BANK18         

        CLASS   BANK17         

        CLASS   BANK16         

        CLASS   BANK15         

        CLASS   BANK14         

        CLASS   BANK13         

        CLASS   EEDATA         



SEGMENTS        Name                           Load    Length   Top    Selector   Space  Class     Delta

                reset_vec                      000000  000002  000002         0       0  CODE        2
                text26                         000003  000001  000004         6       0  CODE        2
                intentry                       000004  00002D  000031         8       0  CODE        2
                cstackBANK0                    000020  000048  000068        20       1  BANK0       1
                stringtext1                    000031  001388  0013B9        62       0  STRCODE     2
                cstackCOMMON                   000070  00000E  00007E        70       1  COMMON      1
                cstackBANK1                    0000A0  000015  0000B5        A0       1  BANK1       1
                text13                         0013B9  000015  0013CE      2772       0  CODE        2
                text5                          0013CE  000065  001433      279C       0  CODE        2
                text3                          001433  0001B5  0015E8      2866       0  CODE        2
                text6                          0015E8  000218  001800      2BD0       0  CODE        2
                text10                         001B07  000003  001B0A      360E       0  CODE        2
                text19                         001B0A  000004  001B0E      3614       0  CODE        2
                text14                         001B0E  000004  001B12      361C       0  CODE        2
                idataBANK1                     001B12  000004  001B16      3624       0  CODE        2
                text9                          001B16  000005  001B1B      362C       0  CODE        2
                text20                         001B1B  000006  001B21      3636       0  CODE        2
                text11                         001B21  000007  001B28      3642       0  CODE        2
                text18                         001B28  000008  001B30      3650       0  CODE        2
                text16                         001B30  000008  001B38      3660       0  CODE        2
                text12                         001B38  000009  001B41      3670       0  CODE        2
                text21                         001B41  00000A  001B4B      3682       0  CODE        2
                text24                         001B4B  00000B  001B56      3696       0  CODE        2
                text23                         001B56  000016  001B6C      36AC       0  CODE        2
                text15                         001B6C  000017  001B83      36D8       0  CODE        2
                text17                         001B83  00001F  001BA2      3706       0  CODE        2
                text7                          001BA2  00001F  001BC1      3744       0  CODE        2
                text28                         001BC1  00002F  001BF0      3782       0  CODE        2
                text2                          001BF0  00002F  001C1F      37E0       0  CODE        2
                text27                         001C1F  000041  001C60      383E       0  CODE        2
                text1                          001C60  000050  001CB0      38C0       0  CODE        2
                text25                         001CB0  00005E  001D0E      3960       0  CODE        2
                text4                          001D0E  000095  001DA3      3A1C       0  CODE        2
                maintext                       001DA3  0000E4  001E87      3B46       0  CODE        2
                text8                          001E87  000179  002000      3D0E       0  CODE        2


UNUSED ADDRESS RANGES

        Name                Unused          Largest block    Delta
        BANK0            00068-0006F               8           1
        BANK1            000B5-000EF              3B           1
        BANK10           00520-0056F              50           1
        BANK11           005A0-005EF              50           1
        BANK12           00620-0064F              30           1
        BANK2            00120-0016F              50           1
        BANK3            001A0-001EF              50           1
        BANK4            00220-0026F              50           1
        BANK5            002A0-002EF              50           1
        BANK6            00320-0036F              50           1
        BANK7            003A0-003EF              50           1
        BANK8            00420-0046F              50           1
        BANK9            004A0-004EF              50           1
        BIGRAM           02000-023EF             3F0           1
        CODE             00002-00002               1           2
                         01800-01B06             307
        CONST            00002-00002               1           2
                         01800-01B06             100
        ENTRY            00002-00002               1           2
                         01800-01B06             100
        IDLOC            08000-08003               4           2
        RAM              00068-0006F               8           1
                         000B5-000EF              3B
                         00120-0016F              50
                         001A0-001EF              50
                         00220-0026F              50
                         002A0-002EF              50
                         00320-0036F              50
                         003A0-003EF              50
                         00420-0046F              50
                         004A0-004EF              50
                         00520-0056F              50
                         005A0-005EF              50
                         00620-0064F              30
        SFR0             00000-0001F              20           1
        SFR1             00080-0009F              20           1
        SFR10            00500-0051F              20           1
        SFR11            00580-0059F              20           1
        SFR12            00600-0061F              20           1
        SFR13            00680-006EF              70           1
        SFR14            00700-0076F              70           1
        SFR15            00780-007EF              70           1
        SFR16            00800-0086F              70           1
        SFR17            00880-008EF              70           1
        SFR18            00900-0096F              70           1
        SFR19            00980-009EF              70           1
        SFR2             00100-0011F              20           1
        SFR20            00A00-00A6F              70           1
        SFR21            00A80-00AEF              70           1
        SFR22            00B00-00B6F              70           1
        SFR23            00B80-00BEF              70           1
        SFR24            00C00-00C6F              70           1
        SFR25            00C80-00CEF              70           1
        SFR26            00D00-00D6F              70           1
        SFR27            00D80-00DEF              70           1
        SFR28            00E00-00E6F              70           1
        SFR29            00E80-00EEF              70           1
        SFR3             00180-0019F              20           1
        SFR30            00F00-00F6F              70           1
        SFR31            00F80-00FEF              70           1
        SFR4             00200-0021F              20           1
        SFR5             00280-0029F              20           1
        SFR6             00300-0031F              20           1
        SFR7             00380-0039F              20           1
        SFR8             00400-0041F              20           1
        SFR9             00480-0049F              20           1
        STACK            02065-023EF             38B           1
        STRCODE          00002-00002               1           2
                         01800-01B06             307
        STRING           00002-00002               1           2
                         01800-01B06             100

                                  Symbol Table

?_ADC_GetConversionResult                 cstackBANK0  00027
?__Umul8_16                               cstackBANK0  00027
?___fldiv                                 cstackBANK0  00037
?___flmul                                 cstackBANK0  00037
?___fltol                                 cstackBANK0  00051
?___lmul                                  cstackBANK0  00027
?___xxtofl                                cstackBANK0  00029
?_rand                                    cstackBANK0  00033
?i1___lmul                                cstackCOMMON 00070
?i1_rand                                  cstackCOMMON 0007C
DAC_SetOutput@inputData                   cstackBANK0  00027
TMR0_ISR@CountCallBack                    bssBANK0     00064
TMR0_SetInterruptHandler@InterruptHandler cstackBANK0  00027
_ADCON0                                   (abs)        0009D
_ADCON0bits                               (abs)        0009D
_ADCON1                                   (abs)        0009E
_ADCON2                                   (abs)        0009F
_ADC_GetConversionResult                  text12       01B38
_ADC_Initialize                           text21       01B41
_ADC_IsConversionDone                     text11       01B21
_ADC_StartConversion                      text10       01B07
_ADRESH                                   (abs)        0009C
_ADRESL                                   (abs)        0009B
_ANSELA                                   (abs)        0018C
_ANSELC                                   (abs)        0018E
_BORCON                                   (abs)        00116
_Beat_A                                   stringtext4  010CB
_Beat_B                                   stringtext3  00DDD
_Beat_C                                   stringtext2  00AEF
_CycleDirection                           bssBANK0     00067
_CycleState                               bssBANK0     00066
_DAC1CON0                                 (abs)        00118
_DAC1CON1                                 (abs)        00119
_DAC_Initialize                           text20       01B1B
_DAC_SetOutput                            text9        01B16
_Fire                                     stringtext1  00031
_INLVLA                                   (abs)        0038C
_INLVLC                                   (abs)        0038E
_INTCONbits                               (abs)        0000B
_INTERRUPT_InterruptManager               intentry     00004
_LATA                                     (abs)        0010C
_LATAbits                                 (abs)        0010C
_LATC                                     (abs)        0010E
_LATCbits                                 (abs)        0010E
_Lightcycle                               text25       01CB0
_ODCONA                                   (abs)        0028C
_ODCONC                                   (abs)        0028E
_OPA2CON                                  (abs)        00515
_OPA2_Initialize                          text19       01B0A
_OPTION_REG                               (abs)        00095
_OPTION_REGbits                           (abs)        00095
_OSCCON                                   (abs)        00099
_OSCILLATOR_Initialize                    text18       01B28
_OSCSTAT                                  (abs)        0009A
_OSCTUNE                                  (abs)        00098
_PIN_MANAGER_Initialize                   text17       01B83
_RandomValue                              bssBANK1     000AC
_SLRCONA                                  (abs)        0030C
_SLRCONC                                  (abs)        0030E
_SYSTEM_Initialize                        text13       013B9
_TMR0                                     (abs)        00015
_TMR0_CallBack                            text24       01B4B
_TMR0_DefaultInterruptHandler             text26       00003
_TMR0_ISR                                 text23       01B56
_TMR0_Initialize                          text15       01B6C
_TMR0_InterruptHandler                    nvBANK1      000B2
_TMR0_SetInterruptHandler                 text16       01B30
_TRISA                                    (abs)        0008C
_TRISC                                    (abs)        0008E
_VolumeSetting                            bssBANK0     00060
_WDTCON                                   (abs)        00097
_WDT_Initialize                           text14       01B0E
_WPUA                                     (abs)        0020C
_WPUC                                     (abs)        0020E
__Habs1                                   abs1         00000
__Hbank0                                  bank0        00000
__Hbank1                                  bank1        00000
__Hbank10                                 bank10       00000
__Hbank11                                 bank11       00000
__Hbank12                                 bank12       00000
__Hbank13                                 bank13       00000
__Hbank14                                 bank14       00000
__Hbank15                                 bank15       00000
__Hbank16                                 bank16       00000
__Hbank17                                 bank17       00000
__Hbank18                                 bank18       00000
__Hbank19                                 bank19       00000
__Hbank2                                  bank2        00000
__Hbank20                                 bank20       00000
__Hbank21                                 bank21       00000
__Hbank22                                 bank22       00000
__Hbank23                                 bank23       00000
__Hbank24                                 bank24       00000
__Hbank25                                 bank25       00000
__Hbank26                                 bank26       00000
__Hbank27                                 bank27       00000
__Hbank28                                 bank28       00000
__Hbank29                                 bank29       00000
__Hbank3                                  bank3        00000
__Hbank30                                 bank30       00000
__Hbank31                                 bank31       00000
__Hbank4                                  bank4        00000
__Hbank5                                  bank5        00000
__Hbank6                                  bank6        00000
__Hbank7                                  bank7        00000
__Hbank8                                  bank8        00000
__Hbank9                                  bank9        00000
__Hbigram                                 bigram       00000
__HbssBANK0                               bssBANK0     00000
__HbssBANK1                               bssBANK1     00000
__Hcinit                                  cinit        00031
__Hclrtext                                clrtext      00000
__Hcode                                   code         00000
__Hcommon                                 common       00000
__Hconfig                                 config       08009
__HcstackBANK0                            cstackBANK0  00000
__HcstackBANK1                            cstackBANK1  00000
__HcstackCOMMON                           cstackCOMMON 00000
__HdataBANK1                              dataBANK1    00000
__Heeprom_data                            eeprom_data  00000
__Hend_init                               end_init     0000F
__Hfunctab                                functab      00000
__HidataBANK1                             idataBANK1   00000
__Hinit                                   init         0000D
__Hintentry                               intentry     0000D
__Hmaintext                               maintext     00000
__HnvBANK1                                nvBANK1      00000
__Hpowerup                                powerup      00000
__Hram                                    ram          00000
__Hreset_vec                              reset_vec    00002
__Hsfr0                                   sfr0         00000
__Hsfr1                                   sfr1         00000
__Hsfr10                                  sfr10        00000
__Hsfr11                                  sfr11        00000
__Hsfr12                                  sfr12        00000
__Hsfr13                                  sfr13        00000
__Hsfr14                                  sfr14        00000
__Hsfr15                                  sfr15        00000
__Hsfr16                                  sfr16        00000
__Hsfr17                                  sfr17        00000
__Hsfr18                                  sfr18        00000
__Hsfr19                                  sfr19        00000
__Hsfr2                                   sfr2         00000
__Hsfr20                                  sfr20        00000
__Hsfr21                                  sfr21        00000
__Hsfr22                                  sfr22        00000
__Hsfr23                                  sfr23        00000
__Hsfr24                                  sfr24        00000
__Hsfr25                                  sfr25        00000
__Hsfr26                                  sfr26        00000
__Hsfr27                                  sfr27        00000
__Hsfr28                                  sfr28        00000
__Hsfr29                                  sfr29        00000
__Hsfr3                                   sfr3         00000
__Hsfr30                                  sfr30        00000
__Hsfr31                                  sfr31        00000
__Hsfr4                                   sfr4         00000
__Hsfr5                                   sfr5         00000
__Hsfr6                                   sfr6         00000
__Hsfr7                                   sfr7         00000
__Hsfr8                                   sfr8         00000
__Hsfr9                                   sfr9         00000
__Hspace_0                                (abs)        02000
__Hspace_1                                (abs)        000B5
__Hspace_2                                (abs)        00000
__Hspace_3                                (abs)        00000
__Hspace_4                                (abs)        10010
__Hstack                                  stack        00000
__Hstrings                                strings      00000
__Hstringtext1                            stringtext1  00000
__Hstringtext2                            stringtext2  00000
__Hstringtext3                            stringtext3  00000
__Hstringtext4                            stringtext4  00000
__Htext                                   text         00000
__Labs1                                   abs1         00000
__Lbank0                                  bank0        00000
__Lbank1                                  bank1        00000
__Lbank10                                 bank10       00000
__Lbank11                                 bank11       00000
__Lbank12                                 bank12       00000
__Lbank13                                 bank13       00000
__Lbank14                                 bank14       00000
__Lbank15                                 bank15       00000
__Lbank16                                 bank16       00000
__Lbank17                                 bank17       00000
__Lbank18                                 bank18       00000
__Lbank19                                 bank19       00000
__Lbank2                                  bank2        00000
__Lbank20                                 bank20       00000
__Lbank21                                 bank21       00000
__Lbank22                                 bank22       00000
__Lbank23                                 bank23       00000
__Lbank24                                 bank24       00000
__Lbank25                                 bank25       00000
__Lbank26                                 bank26       00000
__Lbank27                                 bank27       00000
__Lbank28                                 bank28       00000
__Lbank29                                 bank29       00000
__Lbank3                                  bank3        00000
__Lbank30                                 bank30       00000
__Lbank31                                 bank31       00000
__Lbank4                                  bank4        00000
__Lbank5                                  bank5        00000
__Lbank6                                  bank6        00000
__Lbank7                                  bank7        00000
__Lbank8                                  bank8        00000
__Lbank9                                  bank9        00000
__Lbigram                                 bigram       00000
__LbssBANK0                               bssBANK0     00000
__LbssBANK1                               bssBANK1     00000
__Lcinit                                  cinit        0000F
__Lclrtext                                clrtext      00000
__Lcode                                   code         00000
__Lcommon                                 common       00000
__Lconfig                                 config       00000
__LcstackBANK0                            cstackBANK0  00000
__LcstackBANK1                            cstackBANK1  00000
__LcstackCOMMON                           cstackCOMMON 00000
__LdataBANK1                              dataBANK1    00000
__Leeprom_data                            eeprom_data  00000
__Lend_init                               end_init     0000D
__Lfunctab                                functab      00000
__LidataBANK1                             idataBANK1   00000
__Linit                                   init         0000D
__Lintentry                               intentry     00004
__Lmaintext                               maintext     00000
__LnvBANK1                                nvBANK1      00000
__Lpowerup                                powerup      00000
__Lram                                    ram          00000
__Lreset_vec                              reset_vec    00000
__Lsfr0                                   sfr0         00000
__Lsfr1                                   sfr1         00000
__Lsfr10                                  sfr10        00000
__Lsfr11                                  sfr11        00000
__Lsfr12                                  sfr12        00000
__Lsfr13                                  sfr13        00000
__Lsfr14                                  sfr14        00000
__Lsfr15                                  sfr15        00000
__Lsfr16                                  sfr16        00000
__Lsfr17                                  sfr17        00000
__Lsfr18                                  sfr18        00000
__Lsfr19                                  sfr19        00000
__Lsfr2                                   sfr2         00000
__Lsfr20                                  sfr20        00000
__Lsfr21                                  sfr21        00000
__Lsfr22                                  sfr22        00000
__Lsfr23                                  sfr23        00000
__Lsfr24                                  sfr24        00000
__Lsfr25                                  sfr25        00000
__Lsfr26                                  sfr26        00000
__Lsfr27                                  sfr27        00000
__Lsfr28                                  sfr28        00000
__Lsfr29                                  sfr29        00000
__Lsfr3                                   sfr3         00000
__Lsfr30                                  sfr30        00000
__Lsfr31                                  sfr31        00000
__Lsfr4                                   sfr4         00000
__Lsfr5                                   sfr5         00000
__Lsfr6                                   sfr6         00000
__Lsfr7                                   sfr7         00000
__Lsfr8                                   sfr8         00000
__Lsfr9                                   sfr9         00000
__Lspace_0                                (abs)        00000
__Lspace_1                                (abs)        00000
__Lspace_2                                (abs)        00000
__Lspace_3                                (abs)        00000
__Lspace_4                                (abs)        00000
__Lstack                                  stack        00000
__Lstrings                                strings      00000
__Lstringtext1                            stringtext1  00000
__Lstringtext2                            stringtext2  00000
__Lstringtext3                            stringtext3  00000
__Lstringtext4                            stringtext4  00000
__Ltext                                   text         00000
__S0                                      (abs)        02000
__S1                                      (abs)        000B5
__S2                                      (abs)        00000
__Umul8_16                                text7        01BA2
__Umul8_16@multiplicand                   cstackBANK0  00027
__Umul8_16@multiplier                     cstackBANK0  0002F
__Umul8_16@product                        cstackBANK0  0002B
__Umul8_16@word_mpld                      cstackBANK0  0002D
___fldiv                                  text8        01E87
___fldiv@a                                cstackBANK0  00037
___fldiv@aexp                             cstackBANK0  00050
___fldiv@b                                cstackBANK0  0003B
___fldiv@bexp                             cstackBANK0  0004F
___fldiv@grs                              cstackBANK0  0004B
___fldiv@new_exp                          cstackBANK0  00049
___fldiv@rem                              cstackBANK0  00044
___fldiv@sign                             cstackBANK0  00048
___flmul                                  text6        015E8
___flmul@a                                cstackBANK0  0003B
___flmul@aexp                             cstackBANK0  00045
___flmul@b                                cstackBANK0  00037
___flmul@bexp                             cstackBANK0  00046
___flmul@grs                              cstackBANK0  00047
___flmul@prod                             cstackBANK0  0004B
___flmul@sign                             cstackBANK0  00044
___flmul@temp                             cstackBANK0  0004F
___fltol                                  text5        013CE
___fltol@exp1                             cstackBANK0  0005B
___fltol@f1                               cstackBANK0  00051
___fltol@sign1                            cstackBANK0  0005A
___int_sp                                 stack        00000
___latbits                                (abs)        00002
___lmul                                   text2        01BF0
___lmul@multiplicand                      cstackBANK0  0002B
___lmul@multiplier                        cstackBANK0  00027
___lmul@product                           cstackBANK0  0002F
___sp                                     stack        00000
___stackhi                                (abs)        023EF
___stacklo                                (abs)        02065
___xxtofl                                 text4        01D0E
___xxtofl@arg                             cstackBANK0  00033
___xxtofl@exp                             cstackBANK0  00032
___xxtofl@sign                            cstackBANK0  00031
___xxtofl@val                             cstackBANK0  00029
__end_of_ADC_GetConversionResult          text12       01B41
__end_of_ADC_Initialize                   text21       01B4B
__end_of_ADC_IsConversionDone             text11       01B28
__end_of_ADC_StartConversion              text10       01B0A
__end_of_Beat_A                           stringtext4  013B9
__end_of_Beat_B                           stringtext3  010CB
__end_of_Beat_C                           stringtext2  00DDD
__end_of_DAC_Initialize                   text20       01B21
__end_of_DAC_SetOutput                    text9        01B1B
__end_of_Fire                             stringtext1  00AEF
__end_of_INTERRUPT_InterruptManager       intentry     0000D
__end_of_Lightcycle                       text25       01D0E
__end_of_OPA2_Initialize                  text19       01B0E
__end_of_OSCILLATOR_Initialize            text18       01B30
__end_of_PIN_MANAGER_Initialize           text17       01BA2
__end_of_SYSTEM_Initialize                text13       013CE
__end_of_TMR0_CallBack                    text24       01B56
__end_of_TMR0_DefaultInterruptHandler     text26       00004
__end_of_TMR0_ISR                         text23       01B6C
__end_of_TMR0_Initialize                  text15       01B83
__end_of_TMR0_SetInterruptHandler         text16       01B38
__end_of_WDT_Initialize                   text14       01B12
__end_of__Umul8_16                        text7        01BC1
__end_of___fldiv                          text8        02000
__end_of___flmul                          text6        01800
__end_of___fltol                          text5        01433
__end_of___lmul                           text2        01C1F
__end_of___xxtofl                         text4        01DA3
__end_of__initialization                  cinit        0002D
__end_of_main                             maintext     01E87
__end_of_playsound                        text3        015E8
__end_of_rand                             text1        01CB0
__end_ofi1___lmul                         text28       01BF0
__end_ofi1_rand                           text27       01C60
__initialization                          cinit        0000F
__pbssBANK0                               bssBANK0     00060
__pbssBANK1                               bssBANK1     000AA
__pcstackBANK0                            cstackBANK0  00020
__pcstackBANK1                            cstackBANK1  000A0
__pcstackCOMMON                           cstackCOMMON 00070
__pdataBANK1                              dataBANK1    000AE
__pidataBANK1                             idataBANK1   01B12
__pintentry                               intentry     00004
__pmaintext                               maintext     01DA3
__pnvBANK1                                nvBANK1      000B2
__pstringtext1                            stringtext1  00031
__pstringtext2                            stringtext2  00AEF
__pstringtext3                            stringtext3  00DDD
__pstringtext4                            stringtext4  010CB
__ptext1                                  text1        01C60
__ptext10                                 text10       01B07
__ptext11                                 text11       01B21
__ptext12                                 text12       01B38
__ptext13                                 text13       013B9
__ptext14                                 text14       01B0E
__ptext15                                 text15       01B6C
__ptext16                                 text16       01B30
__ptext17                                 text17       01B83
__ptext18                                 text18       01B28
__ptext19                                 text19       01B0A
__ptext2                                  text2        01BF0
__ptext20                                 text20       01B1B
__ptext21                                 text21       01B41
__ptext23                                 text23       01B56
__ptext24                                 text24       01B4B
__ptext25                                 text25       01CB0
__ptext26                                 text26       00003
__ptext27                                 text27       01C1F
__ptext28                                 text28       01BC1
__ptext3                                  text3        01433
__ptext4                                  text4        01D0E
__ptext5                                  text5        013CE
__ptext6                                  text6        015E8
__ptext7                                  text7        01BA2
__ptext8                                  text8        01E87
__ptext9                                  text9        01B16
__size_of_ADC_GetConversionResult         (abs)        00000
__size_of_ADC_Initialize                  (abs)        00000
__size_of_ADC_IsConversionDone            (abs)        00000
__size_of_ADC_StartConversion             (abs)        00000
__size_of_DAC_Initialize                  (abs)        00000
__size_of_DAC_SetOutput                   (abs)        00000
__size_of_INTERRUPT_InterruptManager      (abs)        00000
__size_of_Lightcycle                      (abs)        00000
__size_of_OPA2_Initialize                 (abs)        00000
__size_of_OSCILLATOR_Initialize           (abs)        00000
__size_of_PIN_MANAGER_Initialize          (abs)        00000
__size_of_SYSTEM_Initialize               (abs)        00000
__size_of_TMR0_CallBack                   (abs)        00000
__size_of_TMR0_DefaultInterruptHandler    (abs)        00000
__size_of_TMR0_ISR                        (abs)        00000
__size_of_TMR0_Initialize                 (abs)        00000
__size_of_TMR0_SetInterruptHandler        (abs)        00000
__size_of_WDT_Initialize                  (abs)        00000
__size_of__Umul8_16                       (abs)        00000
__size_of___fldiv                         (abs)        00000
__size_of___flmul                         (abs)        00000
__size_of___fltol                         (abs)        00000
__size_of___lmul                          (abs)        00000
__size_of___xxtofl                        (abs)        00000
__size_of_main                            (abs)        00000
__size_of_playsound                       (abs)        00000
__size_of_rand                            (abs)        00000
__size_ofi1___lmul                        (abs)        00000
__size_ofi1_rand                          (abs)        00000
_main                                     maintext     01DA3
_playsound                                text3        01433
_rand                                     text1        01C60
_randx                                    dataBANK1    000AE
_timer0ReloadVal                          nvBANK1      000B4
btemp                                     (abs)        0007E
end_of_initialization                     cinit        0002D
i1___lmul                                 text28       01BC1
i1___lmul@multiplicand                    cstackCOMMON 00074
i1___lmul@multiplier                      cstackCOMMON 00070
i1___lmul@product                         cstackCOMMON 00078
i1_rand                                   text27       01C1F
int$flags                                 (abs)        0007E
intlevel0                                 functab      00000
intlevel1                                 functab      00000
intlevel2                                 functab      00000
intlevel3                                 functab      00000
intlevel4                                 functab      00000
intlevel5                                 functab      00000
playsound@i                               cstackBANK1  000A0
playsound@i_312                           cstackBANK1  000A2
playsound@i_313                           cstackBANK1  000A4
playsound@i_314                           cstackBANK1  000A6
reset_vec                                 reset_vec    00000
start                                     init         0000D
start_initialization                      cinit        0000F
wtemp0                                    (abs)        0007E


FUNCTION INFORMATION:

 *************** function _main *****************
 Defined at:
		line 115 in file "Main.c"
 Parameters:    Size  Location     Type
		None
 Auto vars:     Size  Location     Type
		None
 Return value:  Size  Location     Type
                  1    wreg      void 
 Registers used:
		wreg, fsr0l, fsr0h, status,2, status,0, pclath, cstack
 Tracked objects:
		On entry : 
		On exit  : 
		Unchanged: 
 Data sizes:     COMMON   BANK0   BANK1   BANK2   BANK3   BANK4   BANK5   BANK6   BANK7   BANK8   BANK9  BANK10  BANK11  BANK12
      Params:         0       0       0       0       0       0       0       0       0       0       0       0       0       0
      Locals:         0       0       0       0       0       0       0       0       0       0       0       0       0       0
      Temps:          0       0       2       0       0       0       0       0       0       0       0       0       0       0
      Totals:         0       0       2       0       0       0       0       0       0       0       0       0       0       0
Total ram usage:        2 bytes
 Hardware stack levels required when called:    9
 This function calls:
		_SYSTEM_Initialize
		_TMR0_SetInterruptHandler
		_playsound
		_rand
 This function is called by:
		Startup code after reset
 This function uses a non-reentrant model


 *************** function _rand *****************
 Defined at:
		line 12 in file "C:\Program Files (x86)\Microchip\Compiler\pic\sources\c90\common\rand.c"
 Parameters:    Size  Location     Type
		None
 Auto vars:     Size  Location     Type
		None
 Return value:  Size  Location     Type
                  2   19[BANK0 ] int 
 Registers used:
		wreg, status,2, status,0, pclath, cstack
 Tracked objects:
		On entry : 
		On exit  : 
		Unchanged: 
 Data sizes:     COMMON   BANK0   BANK1   BANK2   BANK3   BANK4   BANK5   BANK6   BANK7   BANK8   BANK9  BANK10  BANK11  BANK12
      Params:         0       2       0       0       0       0       0       0       0       0       0       0       0       0
      Locals:         0       0       0       0       0       0       0       0       0       0       0       0       0       0
      Temps:          0       5       0       0       0       0       0       0       0       0       0       0       0       0
      Totals:         0       7       0       0       0       0       0       0       0       0       0       0       0       0
Total ram usage:        7 bytes
 Hardware stack levels used:    1
 Hardware stack levels required when called:    7
 This function calls:
		___lmul
 This function is called by:
		_main
 This function uses a non-reentrant model


 *************** function ___lmul *****************
 Defined at:
		line 15 in file "C:\Program Files (x86)\Microchip\Compiler\pic\sources\c90\common\Umul32.c"
 Parameters:    Size  Location     Type
  multiplier      4    7[BANK0 ] unsigned long 
  multiplicand    4   11[BANK0 ] unsigned long 
 Auto vars:     Size  Location     Type
  product         4   15[BANK0 ] unsigned long 
 Return value:  Size  Location     Type
                  4    7[BANK0 ] unsigned long 
 Registers used:
		wreg, status,2, status,0
 Tracked objects:
		On entry : 
		On exit  : 
		Unchanged: 
 Data sizes:     COMMON   BANK0   BANK1   BANK2   BANK3   BANK4   BANK5   BANK6   BANK7   BANK8   BANK9  BANK10  BANK11  BANK12
      Params:         0       8       0       0       0       0       0       0       0       0       0       0       0       0
      Locals:         0       4       0       0       0       0       0       0       0       0       0       0       0       0
      Temps:          0       0       0       0       0       0       0       0       0       0       0       0       0       0
      Totals:         0      12       0       0       0       0       0       0       0       0       0       0       0       0
Total ram usage:       12 bytes
 Hardware stack levels used:    1
 Hardware stack levels required when called:    6
 This function calls:
		Nothing
 This function is called by:
		_rand
 This function uses a non-reentrant model


 *************** function _playsound *****************
 Defined at:
		line 31 in file "Main.c"
 Parameters:    Size  Location     Type
		None
 Auto vars:     Size  Location     Type
  i               2    6[BANK1 ] int 
  i               2    4[BANK1 ] int 
  i               2    2[BANK1 ] int 
  i               2    0[BANK1 ] int 
 Return value:  Size  Location     Type
                  1    wreg      void 
 Registers used:
		wreg, fsr0l, fsr0h, status,2, status,0, pclath, cstack
 Tracked objects:
		On entry : 
		On exit  : 
		Unchanged: 
 Data sizes:     COMMON   BANK0   BANK1   BANK2   BANK3   BANK4   BANK5   BANK6   BANK7   BANK8   BANK9  BANK10  BANK11  BANK12
      Params:         0       0       0       0       0       0       0       0       0       0       0       0       0       0
      Locals:         0       0       8       0       0       0       0       0       0       0       0       0       0       0
      Temps:          0       4       0       0       0       0       0       0       0       0       0       0       0       0
      Totals:         0       4       8       0       0       0       0       0       0       0       0       0       0       0
Total ram usage:       12 bytes
 Hardware stack levels used:    1
 Hardware stack levels required when called:    8
 This function calls:
		_ADC_GetConversionResult
		_ADC_IsConversionDone
		_ADC_StartConversion
		_DAC_SetOutput
		___fldiv
		___flmul
		___fltol
		___xxtofl
 This function is called by:
		_main
 This function uses a non-reentrant model


 *************** function ___xxtofl *****************
 Defined at:
		line 10 in file "C:\Program Files (x86)\Microchip\Compiler\pic\sources\c90\common\xxtofl.c"
 Parameters:    Size  Location     Type
  sign            1    wreg     unsigned char 
  val             4    9[BANK0 ] long 
 Auto vars:     Size  Location     Type
  sign            1   17[BANK0 ] unsigned char 
  arg             4   19[BANK0 ] unsigned long 
  exp             1   18[BANK0 ] unsigned char 
 Return value:  Size  Location     Type
                  4    9[BANK0 ] unsigned char 
 Registers used:
		wreg, status,2, status,0
 Tracked objects:
		On entry : 
		On exit  : 
		Unchanged: 
 Data sizes:     COMMON   BANK0   BANK1   BANK2   BANK3   BANK4   BANK5   BANK6   BANK7   BANK8   BANK9  BANK10  BANK11  BANK12
      Params:         0       4       0       0       0       0       0       0       0       0       0       0       0       0
      Locals:         0       6       0       0       0       0       0       0       0       0       0       0       0       0
      Temps:          0       4       0       0       0       0       0       0       0       0       0       0       0       0
      Totals:         0      14       0       0       0       0       0       0       0       0       0       0       0       0
Total ram usage:       14 bytes
 Hardware stack levels used:    1
 Hardware stack levels required when called:    6
 This function calls:
		Nothing
 This function is called by:
		_playsound
 This function uses a non-reentrant model


 *************** function ___fltol *****************
 Defined at:
		line 43 in file "C:\Program Files (x86)\Microchip\Compiler\pic\sources\c90\common\fltol.c"
 Parameters:    Size  Location     Type
  f1              4   49[BANK0 ] unsigned char 
 Auto vars:     Size  Location     Type
  exp1            1   59[BANK0 ] unsigned char 
  sign1           1   58[BANK0 ] unsigned char 
 Return value:  Size  Location     Type
                  4   49[BANK0 ] long 
 Registers used:
		wreg, status,2, status,0
 Tracked objects:
		On entry : 
		On exit  : 
		Unchanged: 
 Data sizes:     COMMON   BANK0   BANK1   BANK2   BANK3   BANK4   BANK5   BANK6   BANK7   BANK8   BANK9  BANK10  BANK11  BANK12
      Params:         0       4       0       0       0       0       0       0       0       0       0       0       0       0
      Locals:         0       2       0       0       0       0       0       0       0       0       0       0       0       0
      Temps:          0       5       0       0       0       0       0       0       0       0       0       0       0       0
      Totals:         0      11       0       0       0       0       0       0       0       0       0       0       0       0
Total ram usage:       11 bytes
 Hardware stack levels used:    1
 Hardware stack levels required when called:    6
 This function calls:
		Nothing
 This function is called by:
		_playsound
 This function uses a non-reentrant model


 *************** function ___flmul *****************
 Defined at:
		line 8 in file "C:\Program Files (x86)\Microchip\Compiler\pic\sources\c90\common\sprcmul.c"
 Parameters:    Size  Location     Type
  b               4   23[BANK0 ] long 
  a               4   27[BANK0 ] long 
 Auto vars:     Size  Location     Type
  prod            4   43[BANK0 ] struct .
  grs             4   39[BANK0 ] unsigned long 
  temp            2   47[BANK0 ] struct .
  bexp            1   38[BANK0 ] unsigned char 
  aexp            1   37[BANK0 ] unsigned char 
  sign            1   36[BANK0 ] unsigned char 
 Return value:  Size  Location     Type
                  4   23[BANK0 ] unsigned char 
 Registers used:
		wreg, status,2, status,0, pclath, cstack
 Tracked objects:
		On entry : 
		On exit  : 
		Unchanged: 
 Data sizes:     COMMON   BANK0   BANK1   BANK2   BANK3   BANK4   BANK5   BANK6   BANK7   BANK8   BANK9  BANK10  BANK11  BANK12
      Params:         0       8       0       0       0       0       0       0       0       0       0       0       0       0
      Locals:         0      13       0       0       0       0       0       0       0       0       0       0       0       0
      Temps:          0       5       0       0       0       0       0       0       0       0       0       0       0       0
      Totals:         0      26       0       0       0       0       0       0       0       0       0       0       0       0
Total ram usage:       26 bytes
 Hardware stack levels used:    1
 Hardware stack levels required when called:    7
 This function calls:
		__Umul8_16
 This function is called by:
		_playsound
 This function uses a non-reentrant model


 *************** function __Umul8_16 *****************
 Defined at:
		line 4 in file "C:\Program Files (x86)\Microchip\Compiler\pic\sources\c90\common\Umul8_16.c"
 Parameters:    Size  Location     Type
  multiplier      1    wreg     unsigned char 
  multiplicand    1    7[BANK0 ] unsigned char 
 Auto vars:     Size  Location     Type
  multiplier      1   15[BANK0 ] unsigned char 
  word_mpld       2   13[BANK0 ] unsigned int 
  product         2   11[BANK0 ] unsigned int 
 Return value:  Size  Location     Type
                  2    7[BANK0 ] unsigned int 
 Registers used:
		wreg, status,2, status,0
 Tracked objects:
		On entry : 
		On exit  : 
		Unchanged: 
 Data sizes:     COMMON   BANK0   BANK1   BANK2   BANK3   BANK4   BANK5   BANK6   BANK7   BANK8   BANK9  BANK10  BANK11  BANK12
      Params:         0       2       0       0       0       0       0       0       0       0       0       0       0       0
      Locals:         0       5       0       0       0       0       0       0       0       0       0       0       0       0
      Temps:          0       2       0       0       0       0       0       0       0       0       0       0       0       0
      Totals:         0       9       0       0       0       0       0       0       0       0       0       0       0       0
Total ram usage:        9 bytes
 Hardware stack levels used:    1
 Hardware stack levels required when called:    6
 This function calls:
		Nothing
 This function is called by:
		___flmul
 This function uses a non-reentrant model


 *************** function ___fldiv *****************
 Defined at:
		line 8 in file "C:\Program Files (x86)\Microchip\Compiler\pic\sources\c90\common\sprcdiv.c"
 Parameters:    Size  Location     Type
  a               4   23[BANK0 ] unsigned int 
  b               4   27[BANK0 ] unsigned int 
 Auto vars:     Size  Location     Type
  grs             4   43[BANK0 ] unsigned long 
  rem             4   36[BANK0 ] unsigned long 
  new_exp         2   41[BANK0 ] int 
  aexp            1   48[BANK0 ] unsigned char 
  bexp            1   47[BANK0 ] unsigned char 
  sign            1   40[BANK0 ] unsigned char 
 Return value:  Size  Location     Type
                  4   23[BANK0 ] unsigned char 
 Registers used:
		wreg, status,2, status,0
 Tracked objects:
		On entry : 
		On exit  : 
		Unchanged: 
 Data sizes:     COMMON   BANK0   BANK1   BANK2   BANK3   BANK4   BANK5   BANK6   BANK7   BANK8   BANK9  BANK10  BANK11  BANK12
      Params:         0       8       0       0       0       0       0       0       0       0       0       0       0       0
      Locals:         0      13       0       0       0       0       0       0       0       0       0       0       0       0
      Temps:          0       5       0       0       0       0       0       0       0       0       0       0       0       0
      Totals:         0      26       0       0       0       0       0       0       0       0       0       0       0       0
Total ram usage:       26 bytes
 Hardware stack levels used:    1
 Hardware stack levels required when called:    6
 This function calls:
		Nothing
 This function is called by:
		_playsound
 This function uses a non-reentrant model


 *************** function _DAC_SetOutput *****************
 Defined at:
		line 66 in file "mcc_generated_files/dac.c"
 Parameters:    Size  Location     Type
  inputData       1    wreg     unsigned char 
 Auto vars:     Size  Location     Type
  inputData       1    7[BANK0 ] unsigned char 
 Return value:  Size  Location     Type
                  1    wreg      void 
 Registers used:
		wreg
 Tracked objects:
		On entry : 
		On exit  : 
		Unchanged: 
 Data sizes:     COMMON   BANK0   BANK1   BANK2   BANK3   BANK4   BANK5   BANK6   BANK7   BANK8   BANK9  BANK10  BANK11  BANK12
      Params:         0       0       0       0       0       0       0       0       0       0       0       0       0       0
      Locals:         0       1       0       0       0       0       0       0       0       0       0       0       0       0
      Temps:          0       0       0       0       0       0       0       0       0       0       0       0       0       0
      Totals:         0       1       0       0       0       0       0       0       0       0       0       0       0       0
Total ram usage:        1 bytes
 Hardware stack levels used:    1
 Hardware stack levels required when called:    6
 This function calls:
		Nothing
 This function is called by:
		_playsound
 This function uses a non-reentrant model


 *************** function _ADC_StartConversion *****************
 Defined at:
		line 89 in file "mcc_generated_files/adc.c"
 Parameters:    Size  Location     Type
		None
 Auto vars:     Size  Location     Type
		None
 Return value:  Size  Location     Type
                  1    wreg      void 
 Registers used:
		None
 Tracked objects:
		On entry : 
		On exit  : 
		Unchanged: 
 Data sizes:     COMMON   BANK0   BANK1   BANK2   BANK3   BANK4   BANK5   BANK6   BANK7   BANK8   BANK9  BANK10  BANK11  BANK12
      Params:         0       0       0       0       0       0       0       0       0       0       0       0       0       0
      Locals:         0       0       0       0       0       0       0       0       0       0       0       0       0       0
      Temps:          0       0       0       0       0       0       0       0       0       0       0       0       0       0
      Totals:         0       0       0       0       0       0       0       0       0       0       0       0       0       0
Total ram usage:        0 bytes
 Hardware stack levels used:    1
 Hardware stack levels required when called:    6
 This function calls:
		Nothing
 This function is called by:
		_playsound
 This function uses a non-reentrant model


 *************** function _ADC_IsConversionDone *****************
 Defined at:
		line 96 in file "mcc_generated_files/adc.c"
 Parameters:    Size  Location     Type
		None
 Auto vars:     Size  Location     Type
		None
 Return value:  Size  Location     Type
                  1    wreg      _Bool 
 Registers used:
		wreg, status,0
 Tracked objects:
		On entry : 
		On exit  : 
		Unchanged: 
 Data sizes:     COMMON   BANK0   BANK1   BANK2   BANK3   BANK4   BANK5   BANK6   BANK7   BANK8   BANK9  BANK10  BANK11  BANK12
      Params:         0       0       0       0       0       0       0       0       0       0       0       0       0       0
      Locals:         0       0       0       0       0       0       0       0       0       0       0       0       0       0
      Temps:          0       0       0       0       0       0       0       0       0       0       0       0       0       0
      Totals:         0       0       0       0       0       0       0       0       0       0       0       0       0       0
Total ram usage:        0 bytes
 Hardware stack levels used:    1
 Hardware stack levels required when called:    6
 This function calls:
		Nothing
 This function is called by:
		_playsound
 This function uses a non-reentrant model


 *************** function _ADC_GetConversionResult *****************
 Defined at:
		line 102 in file "mcc_generated_files/adc.c"
 Parameters:    Size  Location     Type
		None
 Auto vars:     Size  Location     Type
		None
 Return value:  Size  Location     Type
                  2    7[BANK0 ] unsigned int 
 Registers used:
		wreg
 Tracked objects:
		On entry : 
		On exit  : 
		Unchanged: 
 Data sizes:     COMMON   BANK0   BANK1   BANK2   BANK3   BANK4   BANK5   BANK6   BANK7   BANK8   BANK9  BANK10  BANK11  BANK12
      Params:         0       2       0       0       0       0       0       0       0       0       0       0       0       0
      Locals:         0       0       0       0       0       0       0       0       0       0       0       0       0       0
      Temps:          0       0       0       0       0       0       0       0       0       0       0       0       0       0
      Totals:         0       2       0       0       0       0       0       0       0       0       0       0       0       0
Total ram usage:        2 bytes
 Hardware stack levels used:    1
 Hardware stack levels required when called:    6
 This function calls:
		Nothing
 This function is called by:
		_playsound
 This function uses a non-reentrant model


 *************** function _SYSTEM_Initialize *****************
 Defined at:
		line 50 in file "mcc_generated_files/mcc.c"
 Parameters:    Size  Location     Type
		None
 Auto vars:     Size  Location     Type
		None
 Return value:  Size  Location     Type
                  1    wreg      void 
 Registers used:
		wreg, status,2, status,0, pclath, cstack
 Tracked objects:
		On entry : 
		On exit  : 
		Unchanged: 
 Data sizes:     COMMON   BANK0   BANK1   BANK2   BANK3   BANK4   BANK5   BANK6   BANK7   BANK8   BANK9  BANK10  BANK11  BANK12
      Params:         0       0       0       0       0       0       0       0       0       0       0       0       0       0
      Locals:         0       0       0       0       0       0       0       0       0       0       0       0       0       0
      Temps:          0       0       0       0       0       0       0       0       0       0       0       0       0       0
      Totals:         0       0       0       0       0       0       0       0       0       0       0       0       0       0
Total ram usage:        0 bytes
 Hardware stack levels used:    1
 Hardware stack levels required when called:    8
 This function calls:
		_ADC_Initialize
		_DAC_Initialize
		_OPA2_Initialize
		_OSCILLATOR_Initialize
		_PIN_MANAGER_Initialize
		_TMR0_Initialize
		_WDT_Initialize
 This function is called by:
		_main
 This function uses a non-reentrant model


 *************** function _WDT_Initialize *****************
 Defined at:
		line 74 in file "mcc_generated_files/mcc.c"
 Parameters:    Size  Location     Type
		None
 Auto vars:     Size  Location     Type
		None
 Return value:  Size  Location     Type
                  1    wreg      void 
 Registers used:
		wreg
 Tracked objects:
		On entry : 
		On exit  : 
		Unchanged: 
 Data sizes:     COMMON   BANK0   BANK1   BANK2   BANK3   BANK4   BANK5   BANK6   BANK7   BANK8   BANK9  BANK10  BANK11  BANK12
      Params:         0       0       0       0       0       0       0       0       0       0       0       0       0       0
      Locals:         0       0       0       0       0       0       0       0       0       0       0       0       0       0
      Temps:          0       0       0       0       0       0       0       0       0       0       0       0       0       0
      Totals:         0       0       0       0       0       0       0       0       0       0       0       0       0       0
Total ram usage:        0 bytes
 Hardware stack levels used:    1
 Hardware stack levels required when called:    6
 This function calls:
		Nothing
 This function is called by:
		_SYSTEM_Initialize
 This function uses a non-reentrant model


 *************** function _TMR0_Initialize *****************
 Defined at:
		line 64 in file "mcc_generated_files/tmr0.c"
 Parameters:    Size  Location     Type
		None
 Auto vars:     Size  Location     Type
		None
 Return value:  Size  Location     Type
                  1    wreg      void 
 Registers used:
		wreg, status,2, status,0, pclath, cstack
 Tracked objects:
		On entry : 
		On exit  : 
		Unchanged: 
 Data sizes:     COMMON   BANK0   BANK1   BANK2   BANK3   BANK4   BANK5   BANK6   BANK7   BANK8   BANK9  BANK10  BANK11  BANK12
      Params:         0       0       0       0       0       0       0       0       0       0       0       0       0       0
      Locals:         0       0       0       0       0       0       0       0       0       0       0       0       0       0
      Temps:          0       1       0       0       0       0       0       0       0       0       0       0       0       0
      Totals:         0       1       0       0       0       0       0       0       0       0       0       0       0       0
Total ram usage:        1 bytes
 Hardware stack levels used:    1
 Hardware stack levels required when called:    7
 This function calls:
		_TMR0_SetInterruptHandler
 This function is called by:
		_SYSTEM_Initialize
 This function uses a non-reentrant model


 *************** function _TMR0_SetInterruptHandler *****************
 Defined at:
		line 119 in file "mcc_generated_files/tmr0.c"
 Parameters:    Size  Location     Type
  InterruptHan    2    7[BANK0 ] PTR FTN()void 
		 -> Lightcycle(1), TMR0_DefaultInterruptHandler(1), 
 Auto vars:     Size  Location     Type
		None
 Return value:  Size  Location     Type
                  1    wreg      void 
 Registers used:
		wreg
 Tracked objects:
		On entry : 
		On exit  : 
		Unchanged: 
 Data sizes:     COMMON   BANK0   BANK1   BANK2   BANK3   BANK4   BANK5   BANK6   BANK7   BANK8   BANK9  BANK10  BANK11  BANK12
      Params:         0       2       0       0       0       0       0       0       0       0       0       0       0       0
      Locals:         0       0       0       0       0       0       0       0       0       0       0       0       0       0
      Temps:          0       0       0       0       0       0       0       0       0       0       0       0       0       0
      Totals:         0       2       0       0       0       0       0       0       0       0       0       0       0       0
Total ram usage:        2 bytes
 Hardware stack levels used:    1
 Hardware stack levels required when called:    6
 This function calls:
		Nothing
 This function is called by:
		_TMR0_Initialize
		_main
 This function uses a non-reentrant model


 *************** function _PIN_MANAGER_Initialize *****************
 Defined at:
		line 55 in file "mcc_generated_files/pin_manager.c"
 Parameters:    Size  Location     Type
		None
 Auto vars:     Size  Location     Type
		None
 Return value:  Size  Location     Type
                  1    wreg      void 
 Registers used:
		wreg, status,2
 Tracked objects:
		On entry : 
		On exit  : 
		Unchanged: 
 Data sizes:     COMMON   BANK0   BANK1   BANK2   BANK3   BANK4   BANK5   BANK6   BANK7   BANK8   BANK9  BANK10  BANK11  BANK12
      Params:         0       0       0       0       0       0       0       0       0       0       0       0       0       0
      Locals:         0       0       0       0       0       0       0       0       0       0       0       0       0       0
      Temps:          0       0       0       0       0       0       0       0       0       0       0       0       0       0
      Totals:         0       0       0       0       0       0       0       0       0       0       0       0       0       0
Total ram usage:        0 bytes
 Hardware stack levels used:    1
 Hardware stack levels required when called:    6
 This function calls:
		Nothing
 This function is called by:
		_SYSTEM_Initialize
 This function uses a non-reentrant model


 *************** function _OSCILLATOR_Initialize *****************
 Defined at:
		line 62 in file "mcc_generated_files/mcc.c"
 Parameters:    Size  Location     Type
		None
 Auto vars:     Size  Location     Type
		None
 Return value:  Size  Location     Type
                  1    wreg      void 
 Registers used:
		wreg, status,2
 Tracked objects:
		On entry : 
		On exit  : 
		Unchanged: 
 Data sizes:     COMMON   BANK0   BANK1   BANK2   BANK3   BANK4   BANK5   BANK6   BANK7   BANK8   BANK9  BANK10  BANK11  BANK12
      Params:         0       0       0       0       0       0       0       0       0       0       0       0       0       0
      Locals:         0       0       0       0       0       0       0       0       0       0       0       0       0       0
      Temps:          0       0       0       0       0       0       0       0       0       0       0       0       0       0
      Totals:         0       0       0       0       0       0       0       0       0       0       0       0       0       0
Total ram usage:        0 bytes
 Hardware stack levels used:    1
 Hardware stack levels required when called:    6
 This function calls:
		Nothing
 This function is called by:
		_SYSTEM_Initialize
 This function uses a non-reentrant model


 *************** function _OPA2_Initialize *****************
 Defined at:
		line 58 in file "mcc_generated_files/opa2.c"
 Parameters:    Size  Location     Type
		None
 Auto vars:     Size  Location     Type
		None
 Return value:  Size  Location     Type
                  1    wreg      void 
 Registers used:
		wreg
 Tracked objects:
		On entry : 
		On exit  : 
		Unchanged: 
 Data sizes:     COMMON   BANK0   BANK1   BANK2   BANK3   BANK4   BANK5   BANK6   BANK7   BANK8   BANK9  BANK10  BANK11  BANK12
      Params:         0       0       0       0       0       0       0       0       0       0       0       0       0       0
      Locals:         0       0       0       0       0       0       0       0       0       0       0       0       0       0
      Temps:          0       0       0       0       0       0       0       0       0       0       0       0       0       0
      Totals:         0       0       0       0       0       0       0       0       0       0       0       0       0       0
Total ram usage:        0 bytes
 Hardware stack levels used:    1
 Hardware stack levels required when called:    6
 This function calls:
		Nothing
 This function is called by:
		_SYSTEM_Initialize
 This function uses a non-reentrant model


 *************** function _DAC_Initialize *****************
 Defined at:
		line 58 in file "mcc_generated_files/dac.c"
 Parameters:    Size  Location     Type
		None
 Auto vars:     Size  Location     Type
		None
 Return value:  Size  Location     Type
                  1    wreg      void 
 Registers used:
		wreg
 Tracked objects:
		On entry : 
		On exit  : 
		Unchanged: 
 Data sizes:     COMMON   BANK0   BANK1   BANK2   BANK3   BANK4   BANK5   BANK6   BANK7   BANK8   BANK9  BANK10  BANK11  BANK12
      Params:         0       0       0       0       0       0       0       0       0       0       0       0       0       0
      Locals:         0       0       0       0       0       0       0       0       0       0       0       0       0       0
      Temps:          0       0       0       0       0       0       0       0       0       0       0       0       0       0
      Totals:         0       0       0       0       0       0       0       0       0       0       0       0       0       0
Total ram usage:        0 bytes
 Hardware stack levels used:    1
 Hardware stack levels required when called:    6
 This function calls:
		Nothing
 This function is called by:
		_SYSTEM_Initialize
 This function uses a non-reentrant model


 *************** function _ADC_Initialize *****************
 Defined at:
		line 67 in file "mcc_generated_files/adc.c"
 Parameters:    Size  Location     Type
		None
 Auto vars:     Size  Location     Type
		None
 Return value:  Size  Location     Type
                  1    wreg      void 
 Registers used:
		wreg, status,2
 Tracked objects:
		On entry : 
		On exit  : 
		Unchanged: 
 Data sizes:     COMMON   BANK0   BANK1   BANK2   BANK3   BANK4   BANK5   BANK6   BANK7   BANK8   BANK9  BANK10  BANK11  BANK12
      Params:         0       0       0       0       0       0       0       0       0       0       0       0       0       0
      Locals:         0       0       0       0       0       0       0       0       0       0       0       0       0       0
      Temps:          0       0       0       0       0       0       0       0       0       0       0       0       0       0
      Totals:         0       0       0       0       0       0       0       0       0       0       0       0       0       0
Total ram usage:        0 bytes
 Hardware stack levels used:    1
 Hardware stack levels required when called:    6
 This function calls:
		Nothing
 This function is called by:
		_SYSTEM_Initialize
 This function uses a non-reentrant model


 *************** function _INTERRUPT_InterruptManager *****************
 Defined at:
		line 52 in file "mcc_generated_files/interrupt_manager.c"
 Parameters:    Size  Location     Type
		None
 Auto vars:     Size  Location     Type
		None
 Return value:  Size  Location     Type
                  1    wreg      void 
 Registers used:
		wreg, fsr0l, fsr0h, status,2, status,0, pclath, cstack
 Tracked objects:
		On entry : 
		On exit  : 
		Unchanged: 
 Data sizes:     COMMON   BANK0   BANK1   BANK2   BANK3   BANK4   BANK5   BANK6   BANK7   BANK8   BANK9  BANK10  BANK11  BANK12
      Params:         0       0       0       0       0       0       0       0       0       0       0       0       0       0
      Locals:         0       0       0       0       0       0       0       0       0       0       0       0       0       0
      Temps:          0       0       0       0       0       0       0       0       0       0       0       0       0       0
      Totals:         0       0       0       0       0       0       0       0       0       0       0       0       0       0
Total ram usage:        0 bytes
 Hardware stack levels used:    1
 Hardware stack levels required when called:    5
 This function calls:
		_TMR0_ISR
 This function is called by:
		Interrupt level 1
 This function uses a non-reentrant model


 *************** function _TMR0_ISR *****************
 Defined at:
		line 87 in file "mcc_generated_files/tmr0.c"
 Parameters:    Size  Location     Type
		None
 Auto vars:     Size  Location     Type
		None
 Return value:  Size  Location     Type
                  1    wreg      void 
 Registers used:
		wreg, fsr0l, fsr0h, status,2, status,0, pclath, cstack
 Tracked objects:
		On entry : 
		On exit  : 
		Unchanged: 
 Data sizes:     COMMON   BANK0   BANK1   BANK2   BANK3   BANK4   BANK5   BANK6   BANK7   BANK8   BANK9  BANK10  BANK11  BANK12
      Params:         0       0       0       0       0       0       0       0       0       0       0       0       0       0
      Locals:         0       0       0       0       0       0       0       0       0       0       0       0       0       0
      Temps:          0       0       0       0       0       0       0       0       0       0       0       0       0       0
      Totals:         0       0       0       0       0       0       0       0       0       0       0       0       0       0
Total ram usage:        0 bytes
 Hardware stack levels used:    1
 Hardware stack levels required when called:    4
 This function calls:
		_TMR0_CallBack
 This function is called by:
		_INTERRUPT_InterruptManager
 This function uses a non-reentrant model


 *************** function _TMR0_CallBack *****************
 Defined at:
		line 109 in file "mcc_generated_files/tmr0.c"
 Parameters:    Size  Location     Type
		None
 Auto vars:     Size  Location     Type
		None
 Return value:  Size  Location     Type
                  1    wreg      void 
 Registers used:
		wreg, fsr0l, fsr0h, status,2, status,0, pclath, cstack
 Tracked objects:
		On entry : 
		On exit  : 
		Unchanged: 
 Data sizes:     COMMON   BANK0   BANK1   BANK2   BANK3   BANK4   BANK5   BANK6   BANK7   BANK8   BANK9  BANK10  BANK11  BANK12
      Params:         0       0       0       0       0       0       0       0       0       0       0       0       0       0
      Locals:         0       0       0       0       0       0       0       0       0       0       0       0       0       0
      Temps:          0       0       0       0       0       0       0       0       0       0       0       0       0       0
      Totals:         0       0       0       0       0       0       0       0       0       0       0       0       0       0
Total ram usage:        0 bytes
 Hardware stack levels used:    1
 Hardware stack levels required when called:    3
 This function calls:
		Absolute function
		_Lightcycle
		_TMR0_DefaultInterruptHandler
 This function is called by:
		_TMR0_ISR
 This function uses a non-reentrant model


 *************** function _Lightcycle *****************
 Defined at:
		line 72 in file "Main.c"
 Parameters:    Size  Location     Type
		None
 Auto vars:     Size  Location     Type
		None
 Return value:  Size  Location     Type
                  1    wreg      void 
 Registers used:
		wreg, fsr0l, fsr0h, status,2, status,0, pclath, cstack
 Tracked objects:
		On entry : 
		On exit  : 
		Unchanged: 
 Data sizes:     COMMON   BANK0   BANK1   BANK2   BANK3   BANK4   BANK5   BANK6   BANK7   BANK8   BANK9  BANK10  BANK11  BANK12
      Params:         0       0       0       0       0       0       0       0       0       0       0       0       0       0
      Locals:         0       0       0       0       0       0       0       0       0       0       0       0       0       0
      Temps:          0       2       0       0       0       0       0       0       0       0       0       0       0       0
      Totals:         0       2       0       0       0       0       0       0       0       0       0       0       0       0
Total ram usage:        2 bytes
 Hardware stack levels used:    1
 Hardware stack levels required when called:    2
 This function calls:
		i1_rand
 This function is called by:
		_main
		_TMR0_CallBack
 This function uses a non-reentrant model


 *************** function _TMR0_DefaultInterruptHandler *****************
 Defined at:
		line 123 in file "mcc_generated_files/tmr0.c"
 Parameters:    Size  Location     Type
		None
 Auto vars:     Size  Location     Type
		None
 Return value:  Size  Location     Type
                  1    wreg      void 
 Registers used:
		None
 Tracked objects:
		On entry : 
		On exit  : 
		Unchanged: 
 Data sizes:     COMMON   BANK0   BANK1   BANK2   BANK3   BANK4   BANK5   BANK6   BANK7   BANK8   BANK9  BANK10  BANK11  BANK12
      Params:         0       0       0       0       0       0       0       0       0       0       0       0       0       0
      Locals:         0       0       0       0       0       0       0       0       0       0       0       0       0       0
      Temps:          0       0       0       0       0       0       0       0       0       0       0       0       0       0
      Totals:         0       0       0       0       0       0       0       0       0       0       0       0       0       0
Total ram usage:        0 bytes
 Hardware stack levels used:    1
 This function calls:
		Nothing
 This function is called by:
		_TMR0_Initialize
		_TMR0_CallBack
 This function uses a non-reentrant model


 *************** function i1_rand *****************
 Defined at:
		line 12 in file "C:\Program Files (x86)\Microchip\Compiler\pic\sources\c90\common\rand.c"
 Parameters:    Size  Location     Type
		None
 Auto vars:     Size  Location     Type
		None
 Return value:  Size  Location     Type
                  2   12[COMMON] int 
 Registers used:
		wreg, status,2, status,0, pclath, cstack
 Tracked objects:
		On entry : 
		On exit  : 
		Unchanged: 
 Data sizes:     COMMON   BANK0   BANK1   BANK2   BANK3   BANK4   BANK5   BANK6   BANK7   BANK8   BANK9  BANK10  BANK11  BANK12
      Params:         2       0       0       0       0       0       0       0       0       0       0       0       0       0
      Locals:         0       0       0       0       0       0       0       0       0       0       0       0       0       0
      Temps:          0       5       0       0       0       0       0       0       0       0       0       0       0       0
      Totals:         2       5       0       0       0       0       0       0       0       0       0       0       0       0
Total ram usage:        7 bytes
 Hardware stack levels used:    1
 Hardware stack levels required when called:    1
 This function calls:
		i1___lmul
 This function is called by:
		_Lightcycle
 This function uses a non-reentrant model


 *************** function i1___lmul *****************
 Defined at:
		line 15 in file "C:\Program Files (x86)\Microchip\Compiler\pic\sources\c90\common\Umul32.c"
 Parameters:    Size  Location     Type
  multiplier      4    0[COMMON] unsigned long 
  multiplicand    4    4[COMMON] unsigned long 
 Auto vars:     Size  Location     Type
  product         4    8[COMMON] unsigned long 
 Return value:  Size  Location     Type
                  4    0[COMMON] unsigned long 
 Registers used:
		wreg, status,2, status,0
 Tracked objects:
		On entry : 
		On exit  : 
		Unchanged: 
 Data sizes:     COMMON   BANK0   BANK1   BANK2   BANK3   BANK4   BANK5   BANK6   BANK7   BANK8   BANK9  BANK10  BANK11  BANK12
      Params:         8       0       0       0       0       0       0       0       0       0       0       0       0       0
      Locals:         4       0       0       0       0       0       0       0       0       0       0       0       0       0
      Temps:          0       0       0       0       0       0       0       0       0       0       0       0       0       0
      Totals:        12       0       0       0       0       0       0       0       0       0       0       0       0       0
Total ram usage:       12 bytes
 Hardware stack levels used:    1
 This function calls:
		Nothing
 This function is called by:
		i1_rand
 This function uses a non-reentrant model



MODULE INFORMATION

Module		Function		Class		Link	Load	Size
C:\Program Files (x86)\Microchip\Compiler\pic\sources\c90\common\Umul8_16.c
		__Umul8_16     		CODE           	1BA2	0000	31

C:\Program Files (x86)\Microchip\Compiler\pic\sources\c90\common\Umul8_16.c estimated size: 31

C:\Program Files (x86)\Microchip\Compiler\pic\sources\c90\common\xxtofl.c
		___xxtofl      		CODE           	1D0E	0000	149

C:\Program Files (x86)\Microchip\Compiler\pic\sources\c90\common\xxtofl.c estimated size: 149

C:\Program Files (x86)\Microchip\Compiler\pic\sources\c90\common\sprcmul.c
		___flmul       		CODE           	15E8	0000	536

C:\Program Files (x86)\Microchip\Compiler\pic\sources\c90\common\sprcmul.c estimated size: 536

C:\Program Files (x86)\Microchip\Compiler\pic\sources\c90\common\sprcdiv.c
		___fldiv       		CODE           	1E87	0000	377

C:\Program Files (x86)\Microchip\Compiler\pic\sources\c90\common\sprcdiv.c estimated size: 377

mcc_generated_files/opa2.c
		_OPA2_Initialize		CODE           	1B0A	0000	4

mcc_generated_files/opa2.c estimated size: 4

mcc_generated_files/interrupt_manager.c
		_INTERRUPT_InterruptManager		CODE           	0004	0000	9

mcc_generated_files/interrupt_manager.c estimated size: 9

mcc_generated_files/tmr0.c
		_TMR0_SetInterruptHandler		CODE           	1B30	0000	8
		_TMR0_DefaultInterruptHandler		CODE           	0003	0000	1
		_TMR0_CallBack 		CODE           	1B4B	0000	11
		_TMR0_ISR      		CODE           	1B56	0000	22
		_TMR0_Initialize		CODE           	1B6C	0000	23

mcc_generated_files/tmr0.c estimated size: 65

mcc_generated_files/pin_manager.c
		_PIN_MANAGER_Initialize		CODE           	1B83	0000	31

mcc_generated_files/pin_manager.c estimated size: 31

C:\Program Files (x86)\Microchip\Compiler\pic\sources\c90\common\rand.c
		_rand          		CODE           	1C60	0000	80

C:\Program Files (x86)\Microchip\Compiler\pic\sources\c90\common\rand.c estimated size: 80

C:\Program Files (x86)\Microchip\Compiler\pic\sources\c90\common\fltol.c
		___fltol       		CODE           	13CE	0000	101

C:\Program Files (x86)\Microchip\Compiler\pic\sources\c90\common\fltol.c estimated size: 101

mcc_generated_files/adc.c
		_ADC_Initialize		CODE           	1B41	0000	10
		_ADC_IsConversionDone		CODE           	1B21	0000	7
		_ADC_GetConversionResult		CODE           	1B38	0000	9
		_ADC_StartConversion		CODE           	1B07	0000	3

mcc_generated_files/adc.c estimated size: 29

Main.c
		_main          		CODE           	1DA3	0000	228
		_playsound     		CODE           	1433	0000	437
		_Lightcycle    		CODE           	1CB0	0000	94

Main.c estimated size: 759

shared
		_Beat_B        		STRCODE        	0DDD	0000	750
		i1_rand        		CODE           	1C1F	0000	65
		_Beat_C        		STRCODE        	0AEF	0000	750
		__initialization		CODE           	000F	0000	30
		i1___lmul      		CODE           	1BC1	0000	47
		_Fire          		STRCODE        	0031	0000	2750
		_Beat_A        		STRCODE        	10CB	0000	750

shared estimated size: 5142

mcc_generated_files/mcc.c
		_WDT_Initialize		CODE           	1B0E	0000	4
		_OSCILLATOR_Initialize		CODE           	1B28	0000	8
		_SYSTEM_Initialize		CODE           	13B9	0000	21

mcc_generated_files/mcc.c estimated size: 33

C:\Program Files (x86)\Microchip\Compiler\pic\sources\c90\common\Umul32.c
		___lmul        		CODE           	1BF0	0000	47

C:\Program Files (x86)\Microchip\Compiler\pic\sources\c90\common\Umul32.c estimated size: 47

mcc_generated_files/dac.c
		_DAC_Initialize		CODE           	1B1B	0000	6
		_DAC_SetOutput 		CODE           	1B16	0000	5

mcc_generated_files/dac.c estimated size: 11

